Archive member included to satisfy reference by file (symbol)

C:\Users\budge\Documents\Atmel Studio\7.0\SAMD20E18\SAMD20E18\ArduinoCore\Debug\libArduinoCore.a(cortex_handlers.o)
                              (Reset_Handler)
C:\Users\budge\Documents\Atmel Studio\7.0\SAMD20E18\SAMD20E18\ArduinoCore\Debug\libArduinoCore.a(delay.o)
                              Sketch.o (millis)
C:\Users\budge\Documents\Atmel Studio\7.0\SAMD20E18\SAMD20E18\ArduinoCore\Debug\libArduinoCore.a(hooks.o)
                              C:\Users\budge\Documents\Atmel Studio\7.0\SAMD20E18\SAMD20E18\ArduinoCore\Debug\libArduinoCore.a(delay.o) (yield)
C:\Users\budge\Documents\Atmel Studio\7.0\SAMD20E18\SAMD20E18\ArduinoCore\Debug\libArduinoCore.a(main.o)
                              c:/program files (x86)/atmel/studio/7.0/toolchain/arm/arm-gnu-toolchain/bin/../lib/gcc/arm-none-eabi/6.3.1/../../../../arm-none-eabi/lib/thumb/v6-m/crt0.o (main)
C:\Users\budge\Documents\Atmel Studio\7.0\SAMD20E18\SAMD20E18\ArduinoCore\Debug\libArduinoCore.a(Print.o)
                              Sketch.o (Print::print(unsigned long, int))
C:\Users\budge\Documents\Atmel Studio\7.0\SAMD20E18\SAMD20E18\ArduinoCore\Debug\libArduinoCore.a(Reset.o)
                              C:\Users\budge\Documents\Atmel Studio\7.0\SAMD20E18\SAMD20E18\ArduinoCore\Debug\libArduinoCore.a(delay.o) (tickReset)
C:\Users\budge\Documents\Atmel Studio\7.0\SAMD20E18\SAMD20E18\ArduinoCore\Debug\libArduinoCore.a(startup.o)
                              C:\Users\budge\Documents\Atmel Studio\7.0\SAMD20E18\SAMD20E18\ArduinoCore\Debug\libArduinoCore.a(cortex_handlers.o) (SystemInit)
C:\Users\budge\Documents\Atmel Studio\7.0\SAMD20E18\SAMD20E18\ArduinoCore\Debug\libArduinoCore.a(Uart.o)
                              Sketch.o (Uart::begin(unsigned long))
C:\Users\budge\Documents\Atmel Studio\7.0\SAMD20E18\SAMD20E18\ArduinoCore\Debug\libArduinoCore.a(wiring.o)
                              C:\Users\budge\Documents\Atmel Studio\7.0\SAMD20E18\SAMD20E18\ArduinoCore\Debug\libArduinoCore.a(main.o) (init)
C:\Users\budge\Documents\Atmel Studio\7.0\SAMD20E18\SAMD20E18\ArduinoCore\Debug\libArduinoCore.a(wiring_analog.o)
                              C:\Users\budge\Documents\Atmel Studio\7.0\SAMD20E18\SAMD20E18\ArduinoCore\Debug\libArduinoCore.a(wiring.o) (analogReference)
C:\Users\budge\Documents\Atmel Studio\7.0\SAMD20E18\SAMD20E18\ArduinoCore\Debug\libArduinoCore.a(wiring_digital.o)
                              C:\Users\budge\Documents\Atmel Studio\7.0\SAMD20E18\SAMD20E18\ArduinoCore\Debug\libArduinoCore.a(Uart.o) (pinMode)
C:\Users\budge\Documents\Atmel Studio\7.0\SAMD20E18\SAMD20E18\ArduinoCore\Debug\libArduinoCore.a(wiring_private.o)
                              C:\Users\budge\Documents\Atmel Studio\7.0\SAMD20E18\SAMD20E18\ArduinoCore\Debug\libArduinoCore.a(Uart.o) (pinPeripheral)
C:\Users\budge\Documents\Atmel Studio\7.0\SAMD20E18\SAMD20E18\ArduinoCore\Debug\libArduinoCore.a(SPI.o)
                              Sketch.o (SPIClass::begin())
C:\Users\budge\Documents\Atmel Studio\7.0\SAMD20E18\SAMD20E18\ArduinoCore\Debug\libArduinoCore.a(Wire.o)
                              Sketch.o (TwoWire::begin())
C:\Users\budge\Documents\Atmel Studio\7.0\SAMD20E18\SAMD20E18\ArduinoCore\Debug\libArduinoCore.a(variant.o)
                              Sketch.o (Serial)
C:\Users\budge\Documents\Atmel Studio\7.0\SAMD20E18\SAMD20E18\ArduinoCore\Debug\libArduinoCore.a(abi.o)
                              C:\Users\budge\Documents\Atmel Studio\7.0\SAMD20E18\SAMD20E18\ArduinoCore\Debug\libArduinoCore.a(Print.o) (__cxa_pure_virtual)
C:\Users\budge\Documents\Atmel Studio\7.0\SAMD20E18\SAMD20E18\ArduinoCore\Debug\libArduinoCore.a(SERCOM.o)
                              C:\Users\budge\Documents\Atmel Studio\7.0\SAMD20E18\SAMD20E18\ArduinoCore\Debug\libArduinoCore.a(variant.o) (SERCOM::SERCOM(Sercom*))
c:/program files (x86)/atmel/studio/7.0/toolchain/arm/arm-gnu-toolchain/bin/../lib/gcc/arm-none-eabi/6.3.1/thumb/v6-m\libgcc.a(_thumb1_case_uqi.o)
                              C:\Users\budge\Documents\Atmel Studio\7.0\SAMD20E18\SAMD20E18\ArduinoCore\Debug\libArduinoCore.a(wiring_analog.o) (__gnu_thumb1_case_uqi)
c:/program files (x86)/atmel/studio/7.0/toolchain/arm/arm-gnu-toolchain/bin/../lib/gcc/arm-none-eabi/6.3.1/thumb/v6-m\libgcc.a(_udivsi3.o)
                              C:\Users\budge\Documents\Atmel Studio\7.0\SAMD20E18\SAMD20E18\ArduinoCore\Debug\libArduinoCore.a(Print.o) (__aeabi_uidiv)
c:/program files (x86)/atmel/studio/7.0/toolchain/arm/arm-gnu-toolchain/bin/../lib/gcc/arm-none-eabi/6.3.1/thumb/v6-m\libgcc.a(_divsi3.o)
                              C:\Users\budge\Documents\Atmel Studio\7.0\SAMD20E18\SAMD20E18\ArduinoCore\Debug\libArduinoCore.a(SERCOM.o) (__aeabi_idiv)
c:/program files (x86)/atmel/studio/7.0/toolchain/arm/arm-gnu-toolchain/bin/../lib/gcc/arm-none-eabi/6.3.1/thumb/v6-m\libgcc.a(_dvmd_tls.o)
[...]
Memory Configuration

Name             Origin             Length             Attributes
FLASH            0x00000000         0x00040000         xr
RAM              0x20000000         0x00008000         xrw
*default*        0x00000000         0xffffffff

Linker script and memory map

LOAD c:/program files (x86)/atmel/studio/7.0/toolchain/arm/arm-gnu-toolchain/bin/../lib/gcc/arm-none-eabi/6.3.1/thumb/v6-m/crti.o
LOAD c:/program files (x86)/atmel/studio/7.0/toolchain/arm/arm-gnu-toolchain/bin/../lib/gcc/arm-none-eabi/6.3.1/thumb/v6-m/crtbegin.o
LOAD c:/program files (x86)/atmel/studio/7.0/toolchain/arm/arm-gnu-toolchain/bin/../lib/gcc/arm-none-eabi/6.3.1/../../../../arm-none-eabi/lib/thumb/v6-m/crt0.o
LOAD Sketch.o
START GROUP
LOAD C:\Users\budge\Documents\Atmel Studio\7.0\SAMD20E18\SAMD20E18\ArduinoCore\Debug\libArduinoCore.a
END GROUP
LOAD c:/program files (x86)/atmel/studio/7.0/toolchain/arm/arm-gnu-toolchain/bin/../lib/gcc/arm-none-eabi/6.3.1/../../../../arm-none-eabi/lib/thumb/v6-m\libstdc++_nano.a
LOAD c:/program files (x86)/atmel/studio/7.0/toolchain/arm/arm-gnu-toolchain/bin/../lib/gcc/arm-none-eabi/6.3.1/../../../../arm-none-eabi/lib/thumb/v6-m\libm.a
START GROUP
LOAD c:/program files (x86)/atmel/studio/7.0/toolchain/arm/arm-gnu-toolchain/bin/../lib/gcc/arm-none-eabi/6.3.1/thumb/v6-m\libgcc.a
LOAD c:/program files (x86)/atmel/studio/7.0/toolchain/arm/arm-gnu-toolchain/bin/../lib/gcc/arm-none-eabi/6.3.1/../../../../arm-none-eabi/lib/thumb/v6-m\libc_nano.a
END GROUP
START GROUP
LOAD c:/program files (x86)/atmel/studio/7.0/toolchain/arm/arm-gnu-toolchain/bin/../lib/gcc/arm-none-eabi/6.3.1/thumb/v6-m\libgcc.a
LOAD c:/program files (x86)/atmel/studio/7.0/toolchain/arm/arm-gnu-toolchain/bin/../lib/gcc/arm-none-eabi/6.3.1/../../../../arm-none-eabi/lib/thumb/v6-m\libc_nano.a
LOAD c:/program files (x86)/atmel/studio/7.0/toolchain/arm/arm-gnu-toolchain/bin/../lib/gcc/arm-none-eabi/6.3.1/../../../../arm-none-eabi/lib/thumb/v6-m\libnosys.a
END GROUP
START GROUP
LOAD c:/program files (x86)/atmel/studio/7.0/toolchain/arm/arm-gnu-toolchain/bin/../lib/gcc/arm-none-eabi/6.3.1/thumb/v6-m\libgcc.a
LOAD c:/program files (x86)/atmel/studio/7.0/toolchain/arm/arm-gnu-toolchain/bin/../lib/gcc/arm-none-eabi/6.3.1/../../../../arm-none-eabi/lib/thumb/v6-m\libc_nano.a
LOAD c:/program files (x86)/atmel/studio/7.0/toolchain/arm/arm-gnu-toolchain/bin/../lib/gcc/arm-none-eabi/6.3.1/../../../../arm-none-eabi/lib/thumb/v6-m\libnosys.a
END GROUP
LOAD c:/program files (x86)/atmel/studio/7.0/toolchain/arm/arm-gnu-toolchain/bin/../lib/gcc/arm-none-eabi/6.3.1/thumb/v6-m/crtend.o
LOAD c:/program files (x86)/atmel/studio/7.0/toolchain/arm/arm-gnu-toolchain/bin/../lib/gcc/arm-none-eabi/6.3.1/thumb/v6-m/crtn.o

.text           0x00000000     0x17b0
                0x00000000                __text_start__ = .
 *(.isr_vector)
 .isr_vector    0x00000000       0xa4 C:\Users\budge\Documents\Atmel Studio\7.0\SAMD20E18\SAMD20E18\ArduinoCore\Debug\libArduinoCore.a(cortex_handlers.o)
                0x00000000                exception_table
 *(.text*)
 .text          0x000000a4       0x60 c:/program files (x86)/atmel/studio/7.0/toolchain/arm/arm-gnu-toolchain/bin/../lib/gcc/arm-none-eabi/6.3.1/thumb/v6-m/crtbegin.o
 .text.loop     0x00000104       0x20 Sketch.o
                0x00000104                loop
 .text.setup    0x00000124       0x28 Sketch.o
                0x00000124                setup
 .text.Dummy_Handler
                0x0000014c        0x4 C:\Users\budge\Documents\Atmel Studio\7.0\SAMD20E18\SAMD20E18\ArduinoCore\Debug\libArduinoCore.a(cortex_handlers.o)
                0x0000014c                DMAC_Handler
                0x0000014c                HardFault_Handler
                0x0000014c                AC_Handler
                0x0000014c                PendSV_Handler
                0x0000014c                NMI_Handler
                0x0000014c                TC7_Handler
                0x0000014c                SERCOM1_Handler
                0x0000014c                ADC_Handler
                0x0000014c                TCC1_Handler
                0x0000014c                SERCOM2_Handler
                0x0000014c                TCC0_Handler
                0x0000014c                RTC_Handler
                0x0000014c                EIC_Handler
                0x0000014c                TC6_Handler
                0x0000014c                WDT_Handler
                0x0000014c                TC4_Handler
                0x0000014c                TC3_Handler
                0x0000014c                Dummy_Handler
                0x0000014c                PM_Handler
                0x0000014c                SERCOM5_Handler
                0x0000014c                SVC_Handler
                0x0000014c                TCC2_Handler
                0x0000014c                EVSYS_Handler
                0x0000014c                SERCOM4_Handler
                0x0000014c                I2S_Handler
                0x0000014c                NVMCTRL_Handler
                0x0000014c                DAC_Handler
                0x0000014c                PTC_Handler
                0x0000014c                SYSCTRL_Handler
 .text.USB_Handler
                0x00000150       0x14 C:\Users\budge\Documents\Atmel Studio\7.0\SAMD20E18\SAMD20E18\ArduinoCore\Debug\libArduinoCore.a(cortex_handlers.o)
                0x00000150                USB_Handler
 .text.Reset_Handler
                0x00000164       0x54 C:\Users\budge\Documents\Atmel Studio\7.0\SAMD20E18\SAMD20E18\ArduinoCore\Debug\libArduinoCore.a(cortex_handlers.o)
                0x00000164                Reset_Handler
 .text.SysTick_Handler
                0x000001b8       0x10 C:\Users\budge\Documents\Atmel Studio\7.0\SAMD20E18\SAMD20E18\ArduinoCore\Debug\libArduinoCore.a(cortex_handlers.o)
                0x000001b8                SysTick_Handler
 .text.millis   0x000001c8        0xc C:\Users\budge\Documents\Atmel Studio\7.0\SAMD20E18\SAMD20E18\ArduinoCore\Debug\libArduinoCore.a(delay.o)
                0x000001c8                millis
 .text.delay    0x000001d4       0x1c C:\Users\budge\Documents\Atmel Studio\7.0\SAMD20E18\SAMD20E18\ArduinoCore\Debug\libArduinoCore.a(delay.o)
                0x000001d4                delay
 .text.SysTick_DefaultHandler
                0x000001f0       0x14 C:\Users\budge\Documents\Atmel Studio\7.0\SAMD20E18\SAMD20E18\ArduinoCore\Debug\libArduinoCore.a(delay.o)
                0x000001f0                SysTick_DefaultHandler
 .text.__empty  0x00000204        0x2 C:\Users\budge\Documents\Atmel Studio\7.0\SAMD20E18\SAMD20E18\ArduinoCore\Debug\libArduinoCore.a(hooks.o)
                0x00000204                yield
 .text.__false  0x00000206        0x4 C:\Users\budge\Documents\Atmel Studio\7.0\SAMD20E18\SAMD20E18\ArduinoCore\Debug\libArduinoCore.a(hooks.o)
                0x00000206                sysTickHook
 .text._Z11initVariantv
                0x0000020a        0x2 C:\Users\budge\Documents\Atmel Studio\7.0\SAMD20E18\SAMD20E18\ArduinoCore\Debug\libArduinoCore.a(main.o)
                0x0000020a                initVariant()
 .text.startup.main
                0x0000020c       0x2c C:\Users\budge\Documents\Atmel Studio\7.0\SAMD20E18\SAMD20E18\ArduinoCore\Debug\libArduinoCore.a(main.o)
                0x0000020c                main
 .text._ZN5Print17availableForWriteEv
                0x00000238        0x4 C:\Users\budge\Documents\Atmel Studio\7.0\SAMD20E18\SAMD20E18\ArduinoCore\Debug\libArduinoCore.a(Print.o)
                0x00000238                Print::availableForWrite()
 .text._ZN5Print5writeEPKhj
                0x0000023c       0x28 C:\Users\budge\Documents\Atmel Studio\7.0\SAMD20E18\SAMD20E18\ArduinoCore\Debug\libArduinoCore.a(Print.o)
                0x0000023c                Print::write(unsigned char const*, unsigned int)
 .text._ZN5Print5writeEPKc
                0x00000264       0x1c C:\Users\budge\Documents\Atmel Studio\7.0\SAMD20E18\SAMD20E18\ArduinoCore\Debug\libArduinoCore.a(Print.o)
                0x00000264                Print::write(char const*)
 .text._ZN5Print11printNumberEmh
                0x00000280       0x56 C:\Users\budge\Documents\Atmel Studio\7.0\SAMD20E18\SAMD20E18\ArduinoCore\Debug\libArduinoCore.a(Print.o)
                0x00000280                Print::printNumber(unsigned long, unsigned char)
 .text._ZN5Print5printEmi
                0x000002d6       0x18 C:\Users\budge\Documents\Atmel Studio\7.0\SAMD20E18\SAMD20E18\ArduinoCore\Debug\libArduinoCore.a(Print.o)
                0x000002d6                Print::print(unsigned long, int)
 *fill*         0x000002ee        0x2 
 .text.tickReset
                0x000002f0       0x78 C:\Users\budge\Documents\Atmel Studio\7.0\SAMD20E18\SAMD20E18\ArduinoCore\Debug\libArduinoCore.a(Reset.o)
                0x000002f0                tickReset
 .text.SystemInit
                0x00000368      0x15c C:\Users\budge\Documents\Atmel Studio\7.0\SAMD20E18\SAMD20E18\ArduinoCore\Debug\libArduinoCore.a(startup.o)
                0x00000368                SystemInit
 .text._ZN4UartcvbEv
                0x000004c4        0x4 C:\Users\budge\Documents\Atmel Studio\7.0\SAMD20E18\SAMD20E18\ArduinoCore\Debug\libArduinoCore.a(Uart.o)
                0x000004c4                Uart::operator bool()
 .text._ZN4Uart5beginEm
                0x000004c8       0x10 C:\Users\budge\Documents\Atmel Studio\7.0\SAMD20E18\SAMD20E18\ArduinoCore\Debug\libArduinoCore.a(Uart.o)
                0x000004c8                Uart::begin(unsigned long)
 .text._ZN4Uart4peekEv
                0x000004d8       0x16 C:\Users\budge\Documents\Atmel Studio\7.0\SAMD20E18\SAMD20E18\ArduinoCore\Debug\libArduinoCore.a(Uart.o)
                0x000004d8                Uart::peek()
 .text._ZN4Uart3endEv
                0x000004ee       0x1c C:\Users\budge\Documents\Atmel Studio\7.0\SAMD20E18\SAMD20E18\ArduinoCore\Debug\libArduinoCore.a(Uart.o)
                0x000004ee                Uart::end()
 .text._ZN4Uart16extractNbStopBitEt
                0x0000050a        0xc C:\Users\budge\Documents\Atmel Studio\7.0\SAMD20E18\SAMD20E18\ArduinoCore\Debug\libArduinoCore.a(Uart.o)
                0x0000050a                Uart::extractNbStopBit(unsigned short)
 .text._ZN4Uart15extractCharSizeEt
                0x00000516       0x28 C:\Users\budge\Documents\Atmel Studio\7.0\SAMD20E18\SAMD20E18\ArduinoCore\Debug\libArduinoCore.a(Uart.o)
                0x00000516                Uart::extractCharSize(unsigned short)
 .text._ZN4Uart13extractParityEt
                0x0000053e       0x14 C:\Users\budge\Documents\Atmel Studio\7.0\SAMD20E18\SAMD20E18\ArduinoCore\Debug\libArduinoCore.a(Uart.o)
                0x0000053e                Uart::extractParity(unsigned short)
 *fill*         0x00000552        0x2 
 .text._ZN4Uart5beginEmt
                0x00000554       0xf0 C:\Users\budge\Documents\Atmel Studio\7.0\SAMD20E18\SAMD20E18\ArduinoCore\Debug\libArduinoCore.a(Uart.o)
                0x00000554                Uart::begin(unsigned long, unsigned short)
 .text._ZN11RingBufferNILi64EEC2Ev
                0x00000644       0x16 C:\Users\budge\Documents\Atmel Studio\7.0\SAMD20E18\SAMD20E18\ArduinoCore\Debug\libArduinoCore.a(Uart.o)
                0x00000644                RingBufferN<64>::RingBufferN()
                0x00000644                RingBufferN<64>::RingBufferN()
 *fill*         0x0000065a        0x2 
 .text._ZN4UartC2EP6SERCOMhh11SercomRXPad15SercomUartTXPad
                0x0000065c       0x5c C:\Users\budge\Documents\Atmel Studio\7.0\SAMD20E18\SAMD20E18\ArduinoCore\Debug\libArduinoCore.a(Uart.o)
                0x0000065c                Uart::Uart(SERCOM*, unsigned char, unsigned char, SercomRXPad, SercomUartTXPad)
                0x0000065c                Uart::Uart(SERCOM*, unsigned char, unsigned char, SercomRXPad, SercomUartTXPad)
 .text._ZN11RingBufferNILi64EE9availableEv
                0x000006b8        0xc C:\Users\budge\Documents\Atmel Studio\7.0\SAMD20E18\SAMD20E18\ArduinoCore\Debug\libArduinoCore.a(Uart.o)
                0x000006b8                RingBufferN<64>::available()
 .text._ZN4Uart5flushEv
                0x000006c4       0x18 C:\Users\budge\Documents\Atmel Studio\7.0\SAMD20E18\SAMD20E18\ArduinoCore\Debug\libArduinoCore.a(Uart.o)
                0x000006c4                Uart::flush()
 .text._ZN4Uart9availableEv
                0x000006dc        0xa C:\Users\budge\Documents\Atmel Studio\7.0\SAMD20E18\SAMD20E18\ArduinoCore\Debug\libArduinoCore.a(Uart.o)
                0x000006dc                Uart::available()
 .text._ZN11RingBufferNILi64EE17availableForStoreEv
                0x000006e6       0x1c C:\Users\budge\Documents\Atmel Studio\7.0\SAMD20E18\SAMD20E18\ArduinoCore\Debug\libArduinoCore.a(Uart.o)
                0x000006e6                RingBufferN<64>::availableForStore()
 .text._ZN4Uart17availableForWriteEv
                0x00000702        0xa C:\Users\budge\Documents\Atmel Studio\7.0\SAMD20E18\SAMD20E18\ArduinoCore\Debug\libArduinoCore.a(Uart.o)
                0x00000702                Uart::availableForWrite()
 .text._ZN4Uart10IrqHandlerEv
                0x0000070c       0xb2 C:\Users\budge\Documents\Atmel Studio\7.0\SAMD20E18\SAMD20E18\ArduinoCore\Debug\libArduinoCore.a(Uart.o)
                0x0000070c                Uart::IrqHandler()
 *fill*         0x000007be        0x2 
 .text._ZN4Uart5writeEh
                0x000007c0       0xb4 C:\Users\budge\Documents\Atmel Studio\7.0\SAMD20E18\SAMD20E18\ArduinoCore\Debug\libArduinoCore.a(Uart.o)
                0x000007c0                Uart::write(unsigned char)
 .text._ZN4Uart4readEv
                0x00000874       0x48 C:\Users\budge\Documents\Atmel Studio\7.0\SAMD20E18\SAMD20E18\ArduinoCore\Debug\libArduinoCore.a(Uart.o)
                0x00000874                Uart::read()
 .text.init     0x000008bc       0xf0 C:\Users\budge\Documents\Atmel Studio\7.0\SAMD20E18\SAMD20E18\ArduinoCore\Debug\libArduinoCore.a(wiring.o)
                0x000008bc                init
 .text.analogReference
                0x000009ac       0x64 C:\Users\budge\Documents\Atmel Studio\7.0\SAMD20E18\SAMD20E18\ArduinoCore\Debug\libArduinoCore.a(wiring_analog.o)
                0x000009ac                analogReference
 .text.pinMode  0x00000a10       0x98 C:\Users\budge\Documents\Atmel Studio\7.0\SAMD20E18\SAMD20E18\ArduinoCore\Debug\libArduinoCore.a(wiring_digital.o)
                0x00000a10                pinMode
 .text.pinPeripheral
                0x00000aa8       0xbc C:\Users\budge\Documents\Atmel Studio\7.0\SAMD20E18\SAMD20E18\ArduinoCore\Debug\libArduinoCore.a(wiring_private.o)
                0x00000aa8                pinPeripheral
 .text._ZN8SPIClass4initEv
                0x00000b64       0x12 C:\Users\budge\Documents\Atmel Studio\7.0\SAMD20E18\SAMD20E18\ArduinoCore\Debug\libArduinoCore.a(SPI.o)
                0x00000b64                SPIClass::init()
 .text._ZN8SPIClass6configE11SPISettings
                0x00000b76       0x36 C:\Users\budge\Documents\Atmel Studio\7.0\SAMD20E18\SAMD20E18\ArduinoCore\Debug\libArduinoCore.a(SPI.o)
                0x00000b76                SPIClass::config(SPISettings)
 .text._ZN8SPIClass5beginEv
                0x00000bac       0x50 C:\Users\budge\Documents\Atmel Studio\7.0\SAMD20E18\SAMD20E18\ArduinoCore\Debug\libArduinoCore.a(SPI.o)
                0x00000bac                SPIClass::begin()
 .text.startup._GLOBAL__sub_I__ZN8SPIClassC2EP6SERCOMhhh14SercomSpiTXPad11SercomRXPad
                0x00000bfc       0x3c C:\Users\budge\Documents\Atmel Studio\7.0\SAMD20E18\SAMD20E18\ArduinoCore\Debug\libArduinoCore.a(SPI.o)
 .text._ZN7TwoWire5writeEPKhj
                0x00000c38       0x24 C:\Users\budge\Documents\Atmel Studio\7.0\SAMD20E18\SAMD20E18\ArduinoCore\Debug\libArduinoCore.a(Wire.o)
                0x00000c38                TwoWire::write(unsigned char const*, unsigned int)
 .text._ZN7TwoWire5flushEv
                0x00000c5c        0x2 C:\Users\budge\Documents\Atmel Studio\7.0\SAMD20E18\SAMD20E18\ArduinoCore\Debug\libArduinoCore.a(Wire.o)
                0x00000c5c                TwoWire::flush()
 .text._ZN7TwoWire4peekEv
                0x00000c5e       0x1a C:\Users\budge\Documents\Atmel Studio\7.0\SAMD20E18\SAMD20E18\ArduinoCore\Debug\libArduinoCore.a(Wire.o)
                0x00000c5e                TwoWire::peek()
 .text._ZN7TwoWire9availableEv
                0x00000c78       0x12 C:\Users\budge\Documents\Atmel Studio\7.0\SAMD20E18\SAMD20E18\ArduinoCore\Debug\libArduinoCore.a(Wire.o)
                0x00000c78                TwoWire::available()
 *fill*         0x00000c8a        0x2 
 .text._ZN7TwoWireC2EP6SERCOMhh
                0x00000c8c       0x60 C:\Users\budge\Documents\Atmel Studio\7.0\SAMD20E18\SAMD20E18\ArduinoCore\Debug\libArduinoCore.a(Wire.o)
                0x00000c8c                TwoWire::TwoWire(SERCOM*, unsigned char, unsigned char)
                0x00000c8c                TwoWire::TwoWire(SERCOM*, unsigned char, unsigned char)
 .text._ZN7TwoWire5beginEv
                0x00000cec       0x40 C:\Users\budge\Documents\Atmel Studio\7.0\SAMD20E18\SAMD20E18\ArduinoCore\Debug\libArduinoCore.a(Wire.o)
                0x00000cec                TwoWire::begin()
 .text._ZN11RingBufferNILi256EE10store_charEh
                0x00000d2c       0x1a C:\Users\budge\Documents\Atmel Studio\7.0\SAMD20E18\SAMD20E18\ArduinoCore\Debug\libArduinoCore.a(Wire.o)
                0x00000d2c                RingBufferN<256>::store_char(unsigned char)
 .text._ZN7TwoWire5writeEh
                0x00000d46       0x2a C:\Users\budge\Documents\Atmel Studio\7.0\SAMD20E18\SAMD20E18\ArduinoCore\Debug\libArduinoCore.a(Wire.o)
                0x00000d46                TwoWire::write(unsigned char)
 .text._ZN11RingBufferNILi256EE9read_charEv
                0x00000d70       0x20 C:\Users\budge\Documents\Atmel Studio\7.0\SAMD20E18\SAMD20E18\ArduinoCore\Debug\libArduinoCore.a(Wire.o)
                0x00000d70                RingBufferN<256>::read_char()
 .text._ZN7TwoWire4readEv
                0x00000d90        0xa C:\Users\budge\Documents\Atmel Studio\7.0\SAMD20E18\SAMD20E18\ArduinoCore\Debug\libArduinoCore.a(Wire.o)
                0x00000d90                TwoWire::read()
 .text._ZN7TwoWire9onServiceEv
                0x00000d9a      0x11a C:\Users\budge\Documents\Atmel Studio\7.0\SAMD20E18\SAMD20E18\ArduinoCore\Debug\libArduinoCore.a(Wire.o)
                0x00000d9a                TwoWire::onService()
 .text.SERCOM0_Handler
                0x00000eb4       0x10 C:\Users\budge\Documents\Atmel Studio\7.0\SAMD20E18\SAMD20E18\ArduinoCore\Debug\libArduinoCore.a(Wire.o)
                0x00000eb4                SERCOM0_Handler
 .text.startup._GLOBAL__sub_I__ZN7TwoWireC2EP6SERCOMhh
                0x00000ec4       0x18 C:\Users\budge\Documents\Atmel Studio\7.0\SAMD20E18\SAMD20E18\ArduinoCore\Debug\libArduinoCore.a(Wire.o)
 .text.SERCOM3_Handler
                0x00000edc       0x10 C:\Users\budge\Documents\Atmel Studio\7.0\SAMD20E18\SAMD20E18\ArduinoCore\Debug\libArduinoCore.a(variant.o)
                0x00000edc                SERCOM3_Handler
 .text.startup._GLOBAL__sub_I_g_APinDescription
                0x00000eec       0x5c C:\Users\budge\Documents\Atmel Studio\7.0\SAMD20E18\SAMD20E18\ArduinoCore\Debug\libArduinoCore.a(variant.o)
 .text._ZN6SERCOMC2EP6Sercom
                0x00000f48        0x4 C:\Users\budge\Documents\Atmel Studio\7.0\SAMD20E18\SAMD20E18\ArduinoCore\Debug\libArduinoCore.a(SERCOM.o)
                0x00000f48                SERCOM::SERCOM(Sercom*)
                0x00000f48                SERCOM::SERCOM(Sercom*)
 .text._ZN6SERCOM9initFrameE18SercomUartCharSize15SercomDataOrder16SercomParityMode19SercomNumberStopBit
                0x00000f4c       0x34 C:\Users\budge\Documents\Atmel Studio\7.0\SAMD20E18\SAMD20E18\ArduinoCore\Debug\libArduinoCore.a(SERCOM.o)
                0x00000f4c                SERCOM::initFrame(SercomUartCharSize, SercomDataOrder, SercomParityMode, SercomNumberStopBit)
 .text._ZN6SERCOM8initPadsE15SercomUartTXPad11SercomRXPad
                0x00000f80       0x22 C:\Users\budge\Documents\Atmel Studio\7.0\SAMD20E18\SAMD20E18\ArduinoCore\Debug\libArduinoCore.a(SERCOM.o)
                0x00000f80                SERCOM::initPads(SercomUartTXPad, SercomRXPad)
 .text._ZN6SERCOM9resetUARTEv
                0x00000fa2       0x18 C:\Users\budge\Documents\Atmel Studio\7.0\SAMD20E18\SAMD20E18\ArduinoCore\Debug\libArduinoCore.a(SERCOM.o)
                0x00000fa2                SERCOM::resetUART()
 .text._ZN6SERCOM10enableUARTEv
                0x00000fba       0x12 C:\Users\budge\Documents\Atmel Studio\7.0\SAMD20E18\SAMD20E18\ArduinoCore\Debug\libArduinoCore.a(SERCOM.o)
                0x00000fba                SERCOM::enableUART()
 .text._ZN6SERCOM9flushUARTEv
                0x00000fcc       0x10 C:\Users\budge\Documents\Atmel Studio\7.0\SAMD20E18\SAMD20E18\ArduinoCore\Debug\libArduinoCore.a(SERCOM.o)
                0x00000fcc                SERCOM::flushUART()
 .text._ZN6SERCOM15clearStatusUARTEv
                0x00000fdc        0x8 C:\Users\budge\Documents\Atmel Studio\7.0\SAMD20E18\SAMD20E18\ArduinoCore\Debug\libArduinoCore.a(SERCOM.o)
                0x00000fdc                SERCOM::clearStatusUART()
 .text._ZN6SERCOM17availableDataUARTEv
                0x00000fe4        0xa C:\Users\budge\Documents\Atmel Studio\7.0\SAMD20E18\SAMD20E18\ArduinoCore\Debug\libArduinoCore.a(SERCOM.o)
                0x00000fe4                SERCOM::availableDataUART()
 .text._ZN6SERCOM11isUARTErrorEv
                0x00000fee       0x10 C:\Users\budge\Documents\Atmel Studio\7.0\SAMD20E18\SAMD20E18\ArduinoCore\Debug\libArduinoCore.a(SERCOM.o)
                0x00000fee                SERCOM::isUARTError()
 .text._ZN6SERCOM20acknowledgeUARTErrorEv
                0x00000ffe       0x2e C:\Users\budge\Documents\Atmel Studio\7.0\SAMD20E18\SAMD20E18\ArduinoCore\Debug\libArduinoCore.a(SERCOM.o)
                0x00000ffe                SERCOM::acknowledgeUARTError()
 .text._ZN6SERCOM23isDataRegisterEmptyUARTEv
                0x0000102c        0xa C:\Users\budge\Documents\Atmel Studio\7.0\SAMD20E18\SAMD20E18\ArduinoCore\Debug\libArduinoCore.a(SERCOM.o)
                0x0000102c                SERCOM::isDataRegisterEmptyUART()
 .text._ZN6SERCOM12readDataUARTEv
                0x00001036        0x8 C:\Users\budge\Documents\Atmel Studio\7.0\SAMD20E18\SAMD20E18\ArduinoCore\Debug\libArduinoCore.a(SERCOM.o)
                0x00001036                SERCOM::readDataUART()
 .text._ZN6SERCOM13writeDataUARTEh
                0x0000103e       0x10 C:\Users\budge\Documents\Atmel Studio\7.0\SAMD20E18\SAMD20E18\ArduinoCore\Debug\libArduinoCore.a(SERCOM.o)
                0x0000103e                SERCOM::writeDataUART(unsigned char)
 .text._ZN6SERCOM36enableDataRegisterEmptyInterruptUARTEv
                0x0000104e        0x8 C:\Users\budge\Documents\Atmel Studio\7.0\SAMD20E18\SAMD20E18\ArduinoCore\Debug\libArduinoCore.a(SERCOM.o)
                0x0000104e                SERCOM::enableDataRegisterEmptyInterruptUART()
 .text._ZN6SERCOM37disableDataRegisterEmptyInterruptUARTEv
                0x00001056        0x8 C:\Users\budge\Documents\Atmel Studio\7.0\SAMD20E18\SAMD20E18\ArduinoCore\Debug\libArduinoCore.a(SERCOM.o)
                0x00001056                SERCOM::disableDataRegisterEmptyInterruptUART()
 *fill*         0x0000105e        0x2 
 .text._ZN6SERCOM12initSPIClockE18SercomSpiClockModem
                0x00001060       0x2c C:\Users\budge\Documents\Atmel Studio\7.0\SAMD20E18\SAMD20E18\ArduinoCore\Debug\libArduinoCore.a(SERCOM.o)
                0x00001060                SERCOM::initSPIClock(SercomSpiClockMode, unsigned long)
 .text._ZN6SERCOM8resetSPIEv
                0x0000108c       0x18 C:\Users\budge\Documents\Atmel Studio\7.0\SAMD20E18\SAMD20E18\ArduinoCore\Debug\libArduinoCore.a(SERCOM.o)
                0x0000108c                SERCOM::resetSPI()
 .text._ZN6SERCOM9enableSPIEv
                0x000010a4       0x12 C:\Users\budge\Documents\Atmel Studio\7.0\SAMD20E18\SAMD20E18\ArduinoCore\Debug\libArduinoCore.a(SERCOM.o)
                0x000010a4                SERCOM::enableSPI()
 .text._ZN6SERCOM10disableSPIEv
                0x000010b6       0x12 C:\Users\budge\Documents\Atmel Studio\7.0\SAMD20E18\SAMD20E18\ArduinoCore\Debug\libArduinoCore.a(SERCOM.o)
                0x000010b6                SERCOM::disableSPI()
 .text._ZN6SERCOM9resetWIREEv
                0x000010c8       0x18 C:\Users\budge\Documents\Atmel Studio\7.0\SAMD20E18\SAMD20E18\ArduinoCore\Debug\libArduinoCore.a(SERCOM.o)
                0x000010c8                SERCOM::resetWIRE()
 .text._ZN6SERCOM10enableWIREEv
                0x000010e0       0x26 C:\Users\budge\Documents\Atmel Studio\7.0\SAMD20E18\SAMD20E18\ArduinoCore\Debug\libArduinoCore.a(SERCOM.o)
                0x000010e0                SERCOM::enableWIRE()
 .text._ZN6SERCOM18prepareNackBitWIREEv
                0x00001106       0x10 C:\Users\budge\Documents\Atmel Studio\7.0\SAMD20E18\SAMD20E18\ArduinoCore\Debug\libArduinoCore.a(SERCOM.o)
                0x00001106                SERCOM::prepareNackBitWIRE()
 *fill*         0x00001116        0x2 
 .text._ZN6SERCOM17prepareAckBitWIREEv
                0x00001118       0x14 C:\Users\budge\Documents\Atmel Studio\7.0\SAMD20E18\SAMD20E18\ArduinoCore\Debug\libArduinoCore.a(SERCOM.o)
                0x00001118                SERCOM::prepareAckBitWIRE()
 .text._ZN6SERCOM22prepareCommandBitsWireEh
                0x0000112c       0x38 C:\Users\budge\Documents\Atmel Studio\7.0\SAMD20E18\SAMD20E18\ArduinoCore\Debug\libArduinoCore.a(SERCOM.o)
                0x0000112c                SERCOM::prepareCommandBitsWire(unsigned char)
 .text._ZN6SERCOM17sendDataSlaveWIREEh
                0x00001164       0x18 C:\Users\budge\Documents\Atmel Studio\7.0\SAMD20E18\SAMD20E18\ArduinoCore\Debug\libArduinoCore.a(SERCOM.o)
                0x00001164                SERCOM::sendDataSlaveWIRE(unsigned char)
 .text._ZN6SERCOM11isSlaveWIREEv
                0x0000117c       0x12 C:\Users\budge\Documents\Atmel Studio\7.0\SAMD20E18\SAMD20E18\ArduinoCore\Debug\libArduinoCore.a(SERCOM.o)
                0x0000117c                SERCOM::isSlaveWIRE()
 .text._ZN6SERCOM15isDataReadyWIREEv
                0x0000118e        0xa C:\Users\budge\Documents\Atmel Studio\7.0\SAMD20E18\SAMD20E18\ArduinoCore\Debug\libArduinoCore.a(SERCOM.o)
                0x0000118e                SERCOM::isDataReadyWIRE()
 .text._ZN6SERCOM18isStopDetectedWIREEv
                0x00001198        0xa C:\Users\budge\Documents\Atmel Studio\7.0\SAMD20E18\SAMD20E18\ArduinoCore\Debug\libArduinoCore.a(SERCOM.o)
                0x00001198                SERCOM::isStopDetectedWIRE()
 .text._ZN6SERCOM21isRestartDetectedWIREEv
                0x000011a2        0xa C:\Users\budge\Documents\Atmel Studio\7.0\SAMD20E18\SAMD20E18\ArduinoCore\Debug\libArduinoCore.a(SERCOM.o)
                0x000011a2                SERCOM::isRestartDetectedWIRE()
 .text._ZN6SERCOM14isAddressMatchEv
                0x000011ac        0xa C:\Users\budge\Documents\Atmel Studio\7.0\SAMD20E18\SAMD20E18\ArduinoCore\Debug\libArduinoCore.a(SERCOM.o)
                0x000011ac                SERCOM::isAddressMatch()
 .text._ZN6SERCOM25isMasterReadOperationWIREEv
                0x000011b6        0xa C:\Users\budge\Documents\Atmel Studio\7.0\SAMD20E18\SAMD20E18\ArduinoCore\Debug\libArduinoCore.a(SERCOM.o)
                0x000011b6                SERCOM::isMasterReadOperationWIRE()
 .text._ZN6SERCOM12readDataWIREEv
                0x000011c0       0x18 C:\Users\budge\Documents\Atmel Studio\7.0\SAMD20E18\SAMD20E18\ArduinoCore\Debug\libArduinoCore.a(SERCOM.o)
                0x000011c0                SERCOM::readDataWIRE()
 .text._ZN6SERCOM13initClockNVICEv
                0x000011d8       0x88 C:\Users\budge\Documents\Atmel Studio\7.0\SAMD20E18\SAMD20E18\ArduinoCore\Debug\libArduinoCore.a(SERCOM.o)
                0x000011d8                SERCOM::initClockNVIC()
 .text._ZN6SERCOM8initUARTE14SercomUartMode20SercomUartSampleRatem
                0x00001260       0x3c C:\Users\budge\Documents\Atmel Studio\7.0\SAMD20E18\SAMD20E18\ArduinoCore\Debug\libArduinoCore.a(SERCOM.o)
                0x00001260                SERCOM::initUART(SercomUartMode, SercomUartSampleRate, unsigned long)
 .text._ZN6SERCOM7initSPIE14SercomSpiTXPad11SercomRXPad17SercomSpiCharSize15SercomDataOrder
                0x0000129c       0x48 C:\Users\budge\Documents\Atmel Studio\7.0\SAMD20E18\SAMD20E18\ArduinoCore\Debug\libArduinoCore.a(SERCOM.o)
                0x0000129c                SERCOM::initSPI(SercomSpiTXPad, SercomRXPad, SercomSpiCharSize, SercomDataOrder)
 .text._ZN6SERCOM14initMasterWIREEm
                0x000012e4       0x54 C:\Users\budge\Documents\Atmel Studio\7.0\SAMD20E18\SAMD20E18\ArduinoCore\Debug\libArduinoCore.a(SERCOM.o)
                0x000012e4                SERCOM::initMasterWIRE(unsigned long)
 .text          0x00001338       0x14 c:/program files (x86)/atmel/studio/7.0/toolchain/arm/arm-gnu-toolchain/bin/../lib/gcc/arm-none-eabi/6.3.1/thumb/v6-m\libgcc.a(_thumb1_case_uqi.o)
                0x00001338                __gnu_thumb1_case_uqi
 .text          0x0000134c      0x114 c:/program files (x86)/atmel/studio/7.0/toolchain/arm/arm-gnu-toolchain/bin/../lib/gcc/arm-none-eabi/6.3.1/thumb/v6-m\libgcc.a(_udivsi3.o)
                0x0000134c                __aeabi_uidiv
                0x0000134c                __udivsi3
                0x00001458                __aeabi_uidivmod
 .text          0x00001460        0x4 c:/program files (x86)/atmel/studio/7.0/toolchain/arm/arm-gnu-toolchain/bin/../lib/gcc/arm-none-eabi/6.3.1/thumb/v6-m\libgcc.a(_dvmd_tls.o)
                0x00001460                __aeabi_idiv0
                0x00001460                __aeabi_ldiv0
 .text.__libc_init_array
                0x00001464       0x48 c:/program files (x86)/atmel/studio/7.0/toolchain/arm/arm-gnu-toolchain/bin/../lib/gcc/arm-none-eabi/6.3.1/../../../../arm-none-eabi/lib/thumb/v6-m\libc_nano.a(lib_a-init.o)
                0x00001464                __libc_init_array
 .text.memset   0x000014ac       0x10 c:/program files (x86)/atmel/studio/7.0/toolchain/arm/arm-gnu-toolchain/bin/../lib/gcc/arm-none-eabi/6.3.1/../../../../arm-none-eabi/lib/thumb/v6-m\libc_nano.a(lib_a-memset.o)
                0x000014ac                memset
 .text          0x000014bc        0xe c:/program files (x86)/atmel/studio/7.0/toolchain/arm/arm-gnu-toolchain/bin/../lib/gcc/arm-none-eabi/6.3.1/../../../../arm-none-eabi/lib/thumb/v6-m\libc_nano.a(lib_a-strlen.o)
                0x000014bc                strlen
 *(.init)
 *fill*         0x000014ca        0x2 
 .init          0x000014cc        0x4 c:/program files (x86)/atmel/studio/7.0/toolchain/arm/arm-gnu-toolchain/bin/../lib/gcc/arm-none-eabi/6.3.1/thumb/v6-m/crti.o
                0x000014cc                _init
 .init          0x000014d0        0x8 c:/program files (x86)/atmel/studio/7.0/toolchain/arm/arm-gnu-toolchain/bin/../lib/gcc/arm-none-eabi/6.3.1/thumb/v6-m/crtn.o
 *(.fini)
 .fini          0x000014d8        0x4 c:/program files (x86)/atmel/studio/7.0/toolchain/arm/arm-gnu-toolchain/bin/../lib/gcc/arm-none-eabi/6.3.1/thumb/v6-m/crti.o
                0x000014d8                _fini
 .fini          0x000014dc        0x8 c:/program files (x86)/atmel/studio/7.0/toolchain/arm/arm-gnu-toolchain/bin/../lib/gcc/arm-none-eabi/6.3.1/thumb/v6-m/crtn.o
 *crtbegin.o(.ctors)
 *crtbegin?.o(.ctors)
 *(EXCLUDE_FILE(*crtend.o *crtend?.o) .ctors)
 *(SORT(.ctors.*))
 *(.ctors)
 *crtbegin.o(.dtors)
 *crtbegin?.o(.dtors)
 *(EXCLUDE_FILE(*crtend.o *crtend?.o) .dtors)
 *(SORT(.dtors.*))
 *(.dtors)
 *(.rodata*)
 .rodata._ZTV4Uart
                0x000014e4       0x34 C:\Users\budge\Documents\Atmel Studio\7.0\SAMD20E18\SAMD20E18\ArduinoCore\Debug\libArduinoCore.a(Uart.o)
                0x000014e4                vtable for Uart
 .rodata._ZTV7TwoWire
                0x00001518       0x24 C:\Users\budge\Documents\Atmel Studio\7.0\SAMD20E18\SAMD20E18\ArduinoCore\Debug\libArduinoCore.a(Wire.o)
                0x00001518                vtable for TwoWire
 .rodata.g_APinDescription
                0x0000153c      0x270 C:\Users\budge\Documents\Atmel Studio\7.0\SAMD20E18\SAMD20E18\ArduinoCore\Debug\libArduinoCore.a(variant.o)
                0x0000153c                g_APinDescription
 *(.eh_frame*)
 .eh_frame      0x000017ac        0x0 c:/program files (x86)/atmel/studio/7.0/toolchain/arm/arm-gnu-toolchain/bin/../lib/gcc/arm-none-eabi/6.3.1/thumb/v6-m/crtbegin.o
 .eh_frame      0x000017ac        0x4 c:/program files (x86)/atmel/studio/7.0/toolchain/arm/arm-gnu-toolchain/bin/../lib/gcc/arm-none-eabi/6.3.1/thumb/v6-m/crtend.o

.glue_7         0x000017b0        0x0
 .glue_7        0x000017b0        0x0 linker stubs

.glue_7t        0x000017b0        0x0
 .glue_7t       0x000017b0        0x0 linker stubs

.vfp11_veneer   0x000017b0        0x0
 .vfp11_veneer  0x000017b0        0x0 linker stubs

.v4_bx          0x000017b0        0x0
 .v4_bx         0x000017b0        0x0 linker stubs

.iplt           0x000017b0        0x0
 .iplt          0x000017b0        0x0 c:/program files (x86)/atmel/studio/7.0/toolchain/arm/arm-gnu-toolchain/bin/../lib/gcc/arm-none-eabi/6.3.1/thumb/v6-m/crtbegin.o

.rel.dyn        0x000017b0        0x0
 .rel.iplt      0x000017b0        0x0 c:/program files (x86)/atmel/studio/7.0/toolchain/arm/arm-gnu-toolchain/bin/../lib/gcc/arm-none-eabi/6.3.1/thumb/v6-m/crtbegin.o

.ARM.extab
 *(.ARM.extab* .gnu.linkonce.armextab.*)
                0x000017b0                __exidx_start = .

.ARM.exidx
 *(.ARM.exidx* .gnu.linkonce.armexidx.*)
                0x000017b0                __exidx_end = .
                0x000017b0                __etext = .

.data           0x20000000       0x20 load address 0x000017b0
                0x20000000                __data_start__ = .
 *(vtable)
 *(.data*)
 .data._ZL5ticks
                0x20000000        0x4 C:\Users\budge\Documents\Atmel Studio\7.0\SAMD20E18\SAMD20E18\ArduinoCore\Debug\libArduinoCore.a(Reset.o)
 .data.SystemCoreClock
                0x20000004        0x4 C:\Users\budge\Documents\Atmel Studio\7.0\SAMD20E18\SAMD20E18\ArduinoCore\Debug\libArduinoCore.a(wiring.o)
                0x20000004                SystemCoreClock
                0x20000008                . = ALIGN (0x4)
                0x20000008                PROVIDE (__preinit_array_start, .)
 *(.preinit_array)
                0x20000008                PROVIDE (__preinit_array_end, .)
                0x20000008                . = ALIGN (0x4)
                0x20000008                PROVIDE (__init_array_start, .)
 *(SORT(.init_array.*))
 *(.init_array)
 .init_array    0x20000008        0x4 c:/program files (x86)/atmel/studio/7.0/toolchain/arm/arm-gnu-toolchain/bin/../lib/gcc/arm-none-eabi/6.3.1/thumb/v6-m/crtbegin.o
 .init_array    0x2000000c        0x4 C:\Users\budge\Documents\Atmel Studio\7.0\SAMD20E18\SAMD20E18\ArduinoCore\Debug\libArduinoCore.a(SPI.o)
 .init_array    0x20000010        0x4 C:\Users\budge\Documents\Atmel Studio\7.0\SAMD20E18\SAMD20E18\ArduinoCore\Debug\libArduinoCore.a(Wire.o)
 .init_array    0x20000014        0x4 C:\Users\budge\Documents\Atmel Studio\7.0\SAMD20E18\SAMD20E18\ArduinoCore\Debug\libArduinoCore.a(variant.o)
                0x20000018                PROVIDE (__init_array_end, .)
                0x20000018                . = ALIGN (0x4)
                [!provide]                PROVIDE (__fini_array_start, .)
 *(SORT(.fini_array.*))
 *(.fini_array)
 .fini_array    0x20000018        0x4 c:/program files (x86)/atmel/studio/7.0/toolchain/arm/arm-gnu-toolchain/bin/../lib/gcc/arm-none-eabi/6.3.1/thumb/v6-m/crtbegin.o
                [!provide]                PROVIDE (__fini_array_end, .)
 *(.jcr*)
 .jcr           0x2000001c        0x0 c:/program files (x86)/atmel/studio/7.0/toolchain/arm/arm-gnu-toolchain/bin/../lib/gcc/arm-none-eabi/6.3.1/thumb/v6-m/crtbegin.o
 .jcr           0x2000001c        0x4 c:/program files (x86)/atmel/studio/7.0/toolchain/arm/arm-gnu-toolchain/bin/../lib/gcc/arm-none-eabi/6.3.1/thumb/v6-m/crtend.o
                0x20000020                . = ALIGN (0x10)
                0x20000020                __data_end__ = .

.igot.plt       0x20000020        0x0 load address 0x000017d0
 .igot.plt      0x20000020        0x0 c:/program files (x86)/atmel/studio/7.0/toolchain/arm/arm-gnu-toolchain/bin/../lib/gcc/arm-none-eabi/6.3.1/thumb/v6-m/crtbegin.o

.bss            0x20000020      0x33c load address 0x000017d0
                0x20000020                . = ALIGN (0x4)
                0x20000020                __bss_start__ = .
 *(.bss*)
 .bss           0x20000020       0x1c c:/program files (x86)/atmel/studio/7.0/toolchain/arm/arm-gnu-toolchain/bin/../lib/gcc/arm-none-eabi/6.3.1/thumb/v6-m/crtbegin.o
 .bss.usb_isr   0x2000003c        0x4 C:\Users\budge\Documents\Atmel Studio\7.0\SAMD20E18\SAMD20E18\ArduinoCore\Debug\libArduinoCore.a(cortex_handlers.o)
 .bss._ulTickCount
                0x20000040        0x4 C:\Users\budge\Documents\Atmel Studio\7.0\SAMD20E18\SAMD20E18\ArduinoCore\Debug\libArduinoCore.a(delay.o)
 .bss.SPI       0x20000044       0x10 C:\Users\budge\Documents\Atmel Studio\7.0\SAMD20E18\SAMD20E18\ArduinoCore\Debug\libArduinoCore.a(SPI.o)
                0x20000044                SPI
 .bss._ZL20DEFAULT_SPI_SETTINGS
                0x20000054        0x8 C:\Users\budge\Documents\Atmel Studio\7.0\SAMD20E18\SAMD20E18\ArduinoCore\Debug\libArduinoCore.a(SPI.o)
 .bss.Wire      0x2000005c      0x234 C:\Users\budge\Documents\Atmel Studio\7.0\SAMD20E18\SAMD20E18\ArduinoCore\Debug\libArduinoCore.a(Wire.o)
                0x2000005c                Wire
 .bss.Serial    0x20000290       0xbc C:\Users\budge\Documents\Atmel Studio\7.0\SAMD20E18\SAMD20E18\ArduinoCore\Debug\libArduinoCore.a(variant.o)
                0x20000290                Serial
 .bss.sercom0   0x2000034c        0x4 C:\Users\budge\Documents\Atmel Studio\7.0\SAMD20E18\SAMD20E18\ArduinoCore\Debug\libArduinoCore.a(variant.o)
                0x2000034c                sercom0
 .bss.sercom1   0x20000350        0x4 C:\Users\budge\Documents\Atmel Studio\7.0\SAMD20E18\SAMD20E18\ArduinoCore\Debug\libArduinoCore.a(variant.o)
                0x20000350                sercom1
 .bss.sercom2   0x20000354        0x4 C:\Users\budge\Documents\Atmel Studio\7.0\SAMD20E18\SAMD20E18\ArduinoCore\Debug\libArduinoCore.a(variant.o)
                0x20000354                sercom2
 .bss.sercom3   0x20000358        0x4 C:\Users\budge\Documents\Atmel Studio\7.0\SAMD20E18\SAMD20E18\ArduinoCore\Debug\libArduinoCore.a(variant.o)
                0x20000358                sercom3
 *(COMMON)
                0x2000035c                . = ALIGN (0x4)
                0x2000035c                __bss_end__ = .

.heap           0x2000035c        0x0
                0x2000035c                __end__ = .
                0x2000035c                PROVIDE (end, .)
 *(.heap*)
                0x2000035c                __HeapLimit = .

.stack_dummy    0x2000035c        0x0
 *(.stack*)
                0x20008000                __StackTop = (ORIGIN (RAM) + LENGTH (RAM))
                0x20008000                __StackLimit = (__StackTop - SIZEOF (.stack_dummy))
                0x20008000                PROVIDE (__stack, __StackTop)
                0x20007fff                __ram_end__ = ((ORIGIN (RAM) + LENGTH (RAM)) - 0x1)
                0x00000001                ASSERT ((__StackLimit >= __HeapLimit), region RAM overflowed with stack)
OUTPUT(SAMCore.elf elf32-littlearm)

.ARM.attributes
                0x00000000       0x28
 .ARM.attributes
                0x00000000       0x1e c:/program files (x86)/atmel/studio/7.0/toolchain/arm/arm-gnu-toolchain/bin/../lib/gcc/arm-none-eabi/6.3.1/thumb/v6-m/crti.o
 .ARM.attributes
                0x0000001e       0x2c c:/program files (x86)/atmel/studio/7.0/toolchain/arm/arm-gnu-toolchain/bin/../lib/gcc/arm-none-eabi/6.3.1/thumb/v6-m/crtbegin.o
 .ARM.attributes
                0x0000004a       0x32 Sketch.o
 .ARM.attributes
                0x0000007c       0x32 C:\Users\budge\Documents\Atmel Studio\7.0\SAMD20E18\SAMD20E18\ArduinoCore\Debug\libArduinoCore.a(cortex_handlers.o)
 .ARM.attributes
                0x000000ae       0x32 C:\Users\budge\Documents\Atmel Studio\7.0\SAMD20E18\SAMD20E18\ArduinoCore\Debug\libArduinoCore.a(delay.o)
 .ARM.attributes
                0x000000e0       0x32 C:\Users\budge\Documents\Atmel Studio\7.0\SAMD20E18\SAMD20E18\ArduinoCore\Debug\libArduinoCore.a(hooks.o)
 .ARM.attributes
                0x00000112       0x32 C:\Users\budge\Documents\Atmel Studio\7.0\SAMD20E18\SAMD20E18\ArduinoCore\Debug\libArduinoCore.a(main.o)
 .ARM.attributes
                0x00000144       0x32 C:\Users\budge\Documents\Atmel Studio\7.0\SAMD20E18\SAMD20E18\ArduinoCore\Debug\libArduinoCore.a(Print.o)
 .ARM.attributes
                0x00000176       0x32 C:\Users\budge\Documents\Atmel Studio\7.0\SAMD20E18\SAMD20E18\ArduinoCore\Debug\libArduinoCore.a(Reset.o)
 .ARM.attributes
                0x000001a8       0x32 C:\Users\budge\Documents\Atmel Studio\7.0\SAMD20E18\SAMD20E18\ArduinoCore\Debug\libArduinoCore.a(startup.o)
 .ARM.attributes
                0x000001da       0x32 C:\Users\budge\Documents\Atmel Studio\7.0\SAMD20E18\SAMD20E18\ArduinoCore\Debug\libArduinoCore.a(Uart.o)
 .ARM.attributes
                0x0000020c       0x32 C:\Users\budge\Documents\Atmel Studio\7.0\SAMD20E18\SAMD20E18\ArduinoCore\Debug\libArduinoCore.a(wiring.o)
 .ARM.attributes
                0x0000023e       0x32 C:\Users\budge\Documents\Atmel Studio\7.0\SAMD20E18\SAMD20E18\ArduinoCore\Debug\libArduinoCore.a(wiring_analog.o)
 .ARM.attributes
                0x00000270       0x32 C:\Users\budge\Documents\Atmel Studio\7.0\SAMD20E18\SAMD20E18\ArduinoCore\Debug\libArduinoCore.a(wiring_digital.o)
 .ARM.attributes
                0x000002a2       0x32 C:\Users\budge\Documents\Atmel Studio\7.0\SAMD20E18\SAMD20E18\ArduinoCore\Debug\libArduinoCore.a(wiring_private.o)
 .ARM.attributes
                0x000002d4       0x32 C:\Users\budge\Documents\Atmel Studio\7.0\SAMD20E18\SAMD20E18\ArduinoCore\Debug\libArduinoCore.a(SPI.o)
 .ARM.attributes
                0x00000306       0x32 C:\Users\budge\Documents\Atmel Studio\7.0\SAMD20E18\SAMD20E18\ArduinoCore\Debug\libArduinoCore.a(Wire.o)
 .ARM.attributes
                0x00000338       0x32 C:\Users\budge\Documents\Atmel Studio\7.0\SAMD20E18\SAMD20E18\ArduinoCore\Debug\libArduinoCore.a(variant.o)
 .ARM.attributes
                0x0000036a       0x32 C:\Users\budge\Documents\Atmel Studio\7.0\SAMD20E18\SAMD20E18\ArduinoCore\Debug\libArduinoCore.a(SERCOM.o)
 .ARM.attributes
                0x0000039c       0x1e c:/program files (x86)/atmel/studio/7.0/toolchain/arm/arm-gnu-toolchain/bin/../lib/gcc/arm-none-eabi/6.3.1/thumb/v6-m\libgcc.a(_thumb1_case_uqi.o)
 .ARM.attributes
                0x000003ba       0x1e c:/program files (x86)/atmel/studio/7.0/toolchain/arm/arm-gnu-toolchain/bin/../lib/gcc/arm-none-eabi/6.3.1/thumb/v6-m\libgcc.a(_udivsi3.o)
 .ARM.attributes
                0x000003d8       0x1e c:/program files (x86)/atmel/studio/7.0/toolchain/arm/arm-gnu-toolchain/bin/../lib/gcc/arm-none-eabi/6.3.1/thumb/v6-m\libgcc.a(_dvmd_tls.o)
 .ARM.attributes
                0x000003f6       0x2c c:/program files (x86)/atmel/studio/7.0/toolchain/arm/arm-gnu-toolchain/bin/../lib/gcc/arm-none-eabi/6.3.1/../../../../arm-none-eabi/lib/thumb/v6-m\libc_nano.a(lib_a-init.o)
 .ARM.attributes
                0x00000422       0x2c c:/program files (x86)/atmel/studio/7.0/toolchain/arm/arm-gnu-toolchain/bin/../lib/gcc/arm-none-eabi/6.3.1/../../../../arm-none-eabi/lib/thumb/v6-m\libc_nano.a(lib_a-memset.o)
 .ARM.attributes
                0x0000044e       0x1c c:/program files (x86)/atmel/studio/7.0/toolchain/arm/arm-gnu-toolchain/bin/../lib/gcc/arm-none-eabi/6.3.1/../../../../arm-none-eabi/lib/thumb/v6-m\libc_nano.a(lib_a-strlen.o)
 .ARM.attributes
                0x0000046a       0x2c c:/program files (x86)/atmel/studio/7.0/toolchain/arm/arm-gnu-toolchain/bin/../lib/gcc/arm-none-eabi/6.3.1/thumb/v6-m/crtend.o
 .ARM.attributes
                0x00000496       0x1e c:/program files (x86)/atmel/studio/7.0/toolchain/arm/arm-gnu-toolchain/bin/../lib/gcc/arm-none-eabi/6.3.1/thumb/v6-m/crtn.o

.comment        0x00000000       0x59
 .comment       0x00000000       0x59 Sketch.o
                                 0x5a (size before relaxing)
 .comment       0x00000059       0x5a C:\Users\budge\Documents\Atmel Studio\7.0\SAMD20E18\SAMD20E18\ArduinoCore\Debug\libArduinoCore.a(cortex_handlers.o)
 .comment       0x00000059       0x5a C:\Users\budge\Documents\Atmel Studio\7.0\SAMD20E18\SAMD20E18\ArduinoCore\Debug\libArduinoCore.a(delay.o)
 .comment       0x00000059       0x5a C:\Users\budge\Documents\Atmel Studio\7.0\SAMD20E18\SAMD20E18\ArduinoCore\Debug\libArduinoCore.a(hooks.o)
 .comment       0x00000059       0x5a C:\Users\budge\Documents\Atmel Studio\7.0\SAMD20E18\SAMD20E18\ArduinoCore\Debug\libArduinoCore.a(main.o)
 .comment       0x00000059       0x5a C:\Users\budge\Documents\Atmel Studio\7.0\SAMD20E18\SAMD20E18\ArduinoCore\Debug\libArduinoCore.a(Print.o)
 .comment       0x00000059       0x5a C:\Users\budge\Documents\Atmel Studio\7.0\SAMD20E18\SAMD20E18\ArduinoCore\Debug\libArduinoCore.a(Reset.o)
 .comment       0x00000059       0x5a C:\Users\budge\Documents\Atmel Studio\7.0\SAMD20E18\SAMD20E18\ArduinoCore\Debug\libArduinoCore.a(startup.o)
 .comment       0x00000059       0x5a C:\Users\budge\Documents\Atmel Studio\7.0\SAMD20E18\SAMD20E18\ArduinoCore\Debug\libArduinoCore.a(Uart.o)
 .comment       0x00000059       0x5a C:\Users\budge\Documents\Atmel Studio\7.0\SAMD20E18\SAMD20E18\ArduinoCore\Debug\libArduinoCore.a(wiring.o)
 .comment       0x00000059       0x5a C:\Users\budge\Documents\Atmel Studio\7.0\SAMD20E18\SAMD20E18\ArduinoCore\Debug\libArduinoCore.a(wiring_analog.o)
 .comment       0x00000059       0x5a C:\Users\budge\Documents\Atmel Studio\7.0\SAMD20E18\SAMD20E18\ArduinoCore\Debug\libArduinoCore.a(wiring_digital.o)
 .comment       0x00000059       0x5a C:\Users\budge\Documents\Atmel Studio\7.0\SAMD20E18\SAMD20E18\ArduinoCore\Debug\libArduinoCore.a(wiring_private.o)
 .comment       0x00000059       0x5a C:\Users\budge\Documents\Atmel Studio\7.0\SAMD20E18\SAMD20E18\ArduinoCore\Debug\libArduinoCore.a(SPI.o)
 .comment       0x00000059       0x5a C:\Users\budge\Documents\Atmel Studio\7.0\SAMD20E18\SAMD20E18\ArduinoCore\Debug\libArduinoCore.a(Wire.o)
 .comment       0x00000059       0x5a C:\Users\budge\Documents\Atmel Studio\7.0\SAMD20E18\SAMD20E18\ArduinoCore\Debug\libArduinoCore.a(variant.o)
 .comment       0x00000059       0x5a C:\Users\budge\Documents\Atmel Studio\7.0\SAMD20E18\SAMD20E18\ArduinoCore\Debug\libArduinoCore.a(SERCOM.o)

.debug_info     0x00000000    0x39d4b
 .debug_info    0x00000000     0x426f Sketch.o
 .debug_info    0x0000426f     0x121c C:\Users\budge\Documents\Atmel Studio\7.0\SAMD20E18\SAMD20E18\ArduinoCore\Debug\libArduinoCore.a(cortex_handlers.o)
 .debug_info    0x0000548b     0x10d2 C:\Users\budge\Documents\Atmel Studio\7.0\SAMD20E18\SAMD20E18\ArduinoCore\Debug\libArduinoCore.a(delay.o)
 .debug_info    0x0000655d       0x72 C:\Users\budge\Documents\Atmel Studio\7.0\SAMD20E18\SAMD20E18\ArduinoCore\Debug\libArduinoCore.a(hooks.o)
 .debug_info    0x000065cf     0x370f C:\Users\budge\Documents\Atmel Studio\7.0\SAMD20E18\SAMD20E18\ArduinoCore\Debug\libArduinoCore.a(main.o)
 .debug_info    0x00009cde     0x5ef8 C:\Users\budge\Documents\Atmel Studio\7.0\SAMD20E18\SAMD20E18\ArduinoCore\Debug\libArduinoCore.a(Print.o)
 .debug_info    0x0000fbd6     0x3cee C:\Users\budge\Documents\Atmel Studio\7.0\SAMD20E18\SAMD20E18\ArduinoCore\Debug\libArduinoCore.a(Reset.o)
 .debug_info    0x000138c4     0x3486 C:\Users\budge\Documents\Atmel Studio\7.0\SAMD20E18\SAMD20E18\ArduinoCore\Debug\libArduinoCore.a(startup.o)
 .debug_info    0x00016d4a     0x6855 C:\Users\budge\Documents\Atmel Studio\7.0\SAMD20E18\SAMD20E18\ArduinoCore\Debug\libArduinoCore.a(Uart.o)
 .debug_info    0x0001d59f     0x2bf8 C:\Users\budge\Documents\Atmel Studio\7.0\SAMD20E18\SAMD20E18\ArduinoCore\Debug\libArduinoCore.a(wiring.o)
 .debug_info    0x00020197     0x30e9 C:\Users\budge\Documents\Atmel Studio\7.0\SAMD20E18\SAMD20E18\ArduinoCore\Debug\libArduinoCore.a(wiring_analog.o)
 .debug_info    0x00023280     0x158f C:\Users\budge\Documents\Atmel Studio\7.0\SAMD20E18\SAMD20E18\ArduinoCore\Debug\libArduinoCore.a(wiring_digital.o)
 .debug_info    0x0002480f     0x1572 C:\Users\budge\Documents\Atmel Studio\7.0\SAMD20E18\SAMD20E18\ArduinoCore\Debug\libArduinoCore.a(wiring_private.o)
 .debug_info    0x00025d81     0x4f13 C:\Users\budge\Documents\Atmel Studio\7.0\SAMD20E18\SAMD20E18\ArduinoCore\Debug\libArduinoCore.a(SPI.o)
 .debug_info    0x0002ac94     0x6108 C:\Users\budge\Documents\Atmel Studio\7.0\SAMD20E18\SAMD20E18\ArduinoCore\Debug\libArduinoCore.a(Wire.o)
 .debug_info    0x00030d9c     0x43c9 C:\Users\budge\Documents\Atmel Studio\7.0\SAMD20E18\SAMD20E18\ArduinoCore\Debug\libArduinoCore.a(variant.o)
 .debug_info    0x00035165     0x4be6 C:\Users\budge\Documents\Atmel Studio\7.0\SAMD20E18\SAMD20E18\ArduinoCore\Debug\libArduinoCore.a(SERCOM.o)

.debug_abbrev   0x00000000     0x4ebf
 .debug_abbrev  0x00000000      0x4bd Sketch.o
 .debug_abbrev  0x000004bd      0x298 C:\Users\budge\Documents\Atmel Studio\7.0\SAMD20E18\SAMD20E18\ArduinoCore\Debug\libArduinoCore.a(cortex_handlers.o)
 .debug_abbrev  0x00000755      0x29a C:\Users\budge\Documents\Atmel Studio\7.0\SAMD20E18\SAMD20E18\ArduinoCore\Debug\libArduinoCore.a(delay.o)
 .debug_abbrev  0x000009ef       0x4e C:\Users\budge\Documents\Atmel Studio\7.0\SAMD20E18\SAMD20E18\ArduinoCore\Debug\libArduinoCore.a(hooks.o)
 .debug_abbrev  0x00000a3d      0x495 C:\Users\budge\Documents\Atmel Studio\7.0\SAMD20E18\SAMD20E18\ArduinoCore\Debug\libArduinoCore.a(main.o)
 .debug_abbrev  0x00000ed2      0x768 C:\Users\budge\Documents\Atmel Studio\7.0\SAMD20E18\SAMD20E18\ArduinoCore\Debug\libArduinoCore.a(Print.o)
 .debug_abbrev  0x0000163a      0x541 C:\Users\budge\Documents\Atmel Studio\7.0\SAMD20E18\SAMD20E18\ArduinoCore\Debug\libArduinoCore.a(Reset.o)
 .debug_abbrev  0x00001b7b      0x28f C:\Users\budge\Documents\Atmel Studio\7.0\SAMD20E18\SAMD20E18\ArduinoCore\Debug\libArduinoCore.a(startup.o)
 .debug_abbrev  0x00001e0a      0x7ca C:\Users\budge\Documents\Atmel Studio\7.0\SAMD20E18\SAMD20E18\ArduinoCore\Debug\libArduinoCore.a(Uart.o)
 .debug_abbrev  0x000025d4      0x35c C:\Users\budge\Documents\Atmel Studio\7.0\SAMD20E18\SAMD20E18\ArduinoCore\Debug\libArduinoCore.a(wiring.o)
 .debug_abbrev  0x00002930      0x423 C:\Users\budge\Documents\Atmel Studio\7.0\SAMD20E18\SAMD20E18\ArduinoCore\Debug\libArduinoCore.a(wiring_analog.o)
 .debug_abbrev  0x00002d53      0x2fd C:\Users\budge\Documents\Atmel Studio\7.0\SAMD20E18\SAMD20E18\ArduinoCore\Debug\libArduinoCore.a(wiring_digital.o)
 .debug_abbrev  0x00003050      0x2ea C:\Users\budge\Documents\Atmel Studio\7.0\SAMD20E18\SAMD20E18\ArduinoCore\Debug\libArduinoCore.a(wiring_private.o)
 .debug_abbrev  0x0000333a      0x758 C:\Users\budge\Documents\Atmel Studio\7.0\SAMD20E18\SAMD20E18\ArduinoCore\Debug\libArduinoCore.a(SPI.o)
 .debug_abbrev  0x00003a92      0x86e C:\Users\budge\Documents\Atmel Studio\7.0\SAMD20E18\SAMD20E18\ArduinoCore\Debug\libArduinoCore.a(Wire.o)
 .debug_abbrev  0x00004300      0x4da C:\Users\budge\Documents\Atmel Studio\7.0\SAMD20E18\SAMD20E18\ArduinoCore\Debug\libArduinoCore.a(variant.o)
 .debug_abbrev  0x000047da      0x6e5 C:\Users\budge\Documents\Atmel Studio\7.0\SAMD20E18\SAMD20E18\ArduinoCore\Debug\libArduinoCore.a(SERCOM.o)

.debug_loc      0x00000000     0x4e5a
 .debug_loc     0x00000000       0x5e Sketch.o
 .debug_loc     0x0000005e       0x9c C:\Users\budge\Documents\Atmel Studio\7.0\SAMD20E18\SAMD20E18\ArduinoCore\Debug\libArduinoCore.a(cortex_handlers.o)
 .debug_loc     0x000000fa      0x169 C:\Users\budge\Documents\Atmel Studio\7.0\SAMD20E18\SAMD20E18\ArduinoCore\Debug\libArduinoCore.a(delay.o)
 .debug_loc     0x00000263       0x20 C:\Users\budge\Documents\Atmel Studio\7.0\SAMD20E18\SAMD20E18\ArduinoCore\Debug\libArduinoCore.a(main.o)
 .debug_loc     0x00000283     0x16fb C:\Users\budge\Documents\Atmel Studio\7.0\SAMD20E18\SAMD20E18\ArduinoCore\Debug\libArduinoCore.a(Print.o)
 .debug_loc     0x0000197e       0x20 C:\Users\budge\Documents\Atmel Studio\7.0\SAMD20E18\SAMD20E18\ArduinoCore\Debug\libArduinoCore.a(Reset.o)
 .debug_loc     0x0000199e       0x4e C:\Users\budge\Documents\Atmel Studio\7.0\SAMD20E18\SAMD20E18\ArduinoCore\Debug\libArduinoCore.a(startup.o)
 .debug_loc     0x000019ec      0xbb6 C:\Users\budge\Documents\Atmel Studio\7.0\SAMD20E18\SAMD20E18\ArduinoCore\Debug\libArduinoCore.a(Uart.o)
 .debug_loc     0x000025a2       0xcb C:\Users\budge\Documents\Atmel Studio\7.0\SAMD20E18\SAMD20E18\ArduinoCore\Debug\libArduinoCore.a(wiring.o)
 .debug_loc     0x0000266d      0x49c C:\Users\budge\Documents\Atmel Studio\7.0\SAMD20E18\SAMD20E18\ArduinoCore\Debug\libArduinoCore.a(wiring_analog.o)
 .debug_loc     0x00002b09      0x18c C:\Users\budge\Documents\Atmel Studio\7.0\SAMD20E18\SAMD20E18\ArduinoCore\Debug\libArduinoCore.a(wiring_digital.o)
 .debug_loc     0x00002c95      0x14e C:\Users\budge\Documents\Atmel Studio\7.0\SAMD20E18\SAMD20E18\ArduinoCore\Debug\libArduinoCore.a(wiring_private.o)
 .debug_loc     0x00002de3      0x787 C:\Users\budge\Documents\Atmel Studio\7.0\SAMD20E18\SAMD20E18\ArduinoCore\Debug\libArduinoCore.a(SPI.o)
 .debug_loc     0x0000356a      0xb3e C:\Users\budge\Documents\Atmel Studio\7.0\SAMD20E18\SAMD20E18\ArduinoCore\Debug\libArduinoCore.a(Wire.o)
 .debug_loc     0x000040a8       0x6a C:\Users\budge\Documents\Atmel Studio\7.0\SAMD20E18\SAMD20E18\ArduinoCore\Debug\libArduinoCore.a(variant.o)
 .debug_loc     0x00004112      0xd48 C:\Users\budge\Documents\Atmel Studio\7.0\SAMD20E18\SAMD20E18\ArduinoCore\Debug\libArduinoCore.a(SERCOM.o)

.debug_aranges  0x00000000      0x728
 .debug_aranges
                0x00000000       0x28 Sketch.o
 .debug_aranges
                0x00000028       0x40 C:\Users\budge\Documents\Atmel Studio\7.0\SAMD20E18\SAMD20E18\ArduinoCore\Debug\libArduinoCore.a(cortex_handlers.o)
 .debug_aranges
                0x00000068       0x38 C:\Users\budge\Documents\Atmel Studio\7.0\SAMD20E18\SAMD20E18\ArduinoCore\Debug\libArduinoCore.a(delay.o)
 .debug_aranges
                0x000000a0       0x30 C:\Users\budge\Documents\Atmel Studio\7.0\SAMD20E18\SAMD20E18\ArduinoCore\Debug\libArduinoCore.a(hooks.o)
 .debug_aranges
                0x000000d0       0x28 C:\Users\budge\Documents\Atmel Studio\7.0\SAMD20E18\SAMD20E18\ArduinoCore\Debug\libArduinoCore.a(main.o)
 .debug_aranges
                0x000000f8      0x100 C:\Users\budge\Documents\Atmel Studio\7.0\SAMD20E18\SAMD20E18\ArduinoCore\Debug\libArduinoCore.a(Print.o)
 .debug_aranges
                0x000001f8       0x30 C:\Users\budge\Documents\Atmel Studio\7.0\SAMD20E18\SAMD20E18\ArduinoCore\Debug\libArduinoCore.a(Reset.o)
 .debug_aranges
                0x00000228       0x20 C:\Users\budge\Documents\Atmel Studio\7.0\SAMD20E18\SAMD20E18\ArduinoCore\Debug\libArduinoCore.a(startup.o)
 .debug_aranges
                0x00000248       0xb0 C:\Users\budge\Documents\Atmel Studio\7.0\SAMD20E18\SAMD20E18\ArduinoCore\Debug\libArduinoCore.a(Uart.o)
 .debug_aranges
                0x000002f8       0x20 C:\Users\budge\Documents\Atmel Studio\7.0\SAMD20E18\SAMD20E18\ArduinoCore\Debug\libArduinoCore.a(wiring.o)
 .debug_aranges
                0x00000318       0x48 C:\Users\budge\Documents\Atmel Studio\7.0\SAMD20E18\SAMD20E18\ArduinoCore\Debug\libArduinoCore.a(wiring_analog.o)
 .debug_aranges
                0x00000360       0x30 C:\Users\budge\Documents\Atmel Studio\7.0\SAMD20E18\SAMD20E18\ArduinoCore\Debug\libArduinoCore.a(wiring_digital.o)
 .debug_aranges
                0x00000390       0x20 C:\Users\budge\Documents\Atmel Studio\7.0\SAMD20E18\SAMD20E18\ArduinoCore\Debug\libArduinoCore.a(wiring_private.o)
 .debug_aranges
                0x000003b0       0xa0 C:\Users\budge\Documents\Atmel Studio\7.0\SAMD20E18\SAMD20E18\ArduinoCore\Debug\libArduinoCore.a(SPI.o)
 .debug_aranges
                0x00000450       0xd8 C:\Users\budge\Documents\Atmel Studio\7.0\SAMD20E18\SAMD20E18\ArduinoCore\Debug\libArduinoCore.a(Wire.o)
 .debug_aranges
                0x00000528       0x28 C:\Users\budge\Documents\Atmel Studio\7.0\SAMD20E18\SAMD20E18\ArduinoCore\Debug\libArduinoCore.a(variant.o)
 .debug_aranges
                0x00000550      0x1d8 C:\Users\budge\Documents\Atmel Studio\7.0\SAMD20E18\SAMD20E18\ArduinoCore\Debug\libArduinoCore.a(SERCOM.o)

.debug_ranges   0x00000000      0xb70
 .debug_ranges  0x00000000       0x18 Sketch.o
 .debug_ranges  0x00000018       0x30 C:\Users\budge\Documents\Atmel Studio\7.0\SAMD20E18\SAMD20E18\ArduinoCore\Debug\libArduinoCore.a(cortex_handlers.o)
 .debug_ranges  0x00000048       0x28 C:\Users\budge\Documents\Atmel Studio\7.0\SAMD20E18\SAMD20E18\ArduinoCore\Debug\libArduinoCore.a(delay.o)
 .debug_ranges  0x00000070       0x20 C:\Users\budge\Documents\Atmel Studio\7.0\SAMD20E18\SAMD20E18\ArduinoCore\Debug\libArduinoCore.a(hooks.o)
 .debug_ranges  0x00000090       0x18 C:\Users\budge\Documents\Atmel Studio\7.0\SAMD20E18\SAMD20E18\ArduinoCore\Debug\libArduinoCore.a(main.o)
 .debug_ranges  0x000000a8      0x180 C:\Users\budge\Documents\Atmel Studio\7.0\SAMD20E18\SAMD20E18\ArduinoCore\Debug\libArduinoCore.a(Print.o)
 .debug_ranges  0x00000228       0x38 C:\Users\budge\Documents\Atmel Studio\7.0\SAMD20E18\SAMD20E18\ArduinoCore\Debug\libArduinoCore.a(Reset.o)
 .debug_ranges  0x00000260       0x10 C:\Users\budge\Documents\Atmel Studio\7.0\SAMD20E18\SAMD20E18\ArduinoCore\Debug\libArduinoCore.a(startup.o)
 .debug_ranges  0x00000270      0x270 C:\Users\budge\Documents\Atmel Studio\7.0\SAMD20E18\SAMD20E18\ArduinoCore\Debug\libArduinoCore.a(Uart.o)
 .debug_ranges  0x000004e0       0x28 C:\Users\budge\Documents\Atmel Studio\7.0\SAMD20E18\SAMD20E18\ArduinoCore\Debug\libArduinoCore.a(wiring.o)
 .debug_ranges  0x00000508       0x68 C:\Users\budge\Documents\Atmel Studio\7.0\SAMD20E18\SAMD20E18\ArduinoCore\Debug\libArduinoCore.a(wiring_analog.o)
 .debug_ranges  0x00000570       0x20 C:\Users\budge\Documents\Atmel Studio\7.0\SAMD20E18\SAMD20E18\ArduinoCore\Debug\libArduinoCore.a(wiring_digital.o)
 .debug_ranges  0x00000590       0x30 C:\Users\budge\Documents\Atmel Studio\7.0\SAMD20E18\SAMD20E18\ArduinoCore\Debug\libArduinoCore.a(wiring_private.o)
 .debug_ranges  0x000005c0       0xf8 C:\Users\budge\Documents\Atmel Studio\7.0\SAMD20E18\SAMD20E18\ArduinoCore\Debug\libArduinoCore.a(SPI.o)
 .debug_ranges  0x000006b8      0x238 C:\Users\budge\Documents\Atmel Studio\7.0\SAMD20E18\SAMD20E18\ArduinoCore\Debug\libArduinoCore.a(Wire.o)
 .debug_ranges  0x000008f0       0x18 C:\Users\budge\Documents\Atmel Studio\7.0\SAMD20E18\SAMD20E18\ArduinoCore\Debug\libArduinoCore.a(variant.o)
 .debug_ranges  0x00000908      0x268 C:\Users\budge\Documents\Atmel Studio\7.0\SAMD20E18\SAMD20E18\ArduinoCore\Debug\libArduinoCore.a(SERCOM.o)

.debug_macro    0x00000000    0x23d04
 .debug_macro   0x00000000      0x679 Sketch.o
 .debug_macro   0x00000679      0x982 Sketch.o
 .debug_macro   0x00000ffb       0x16 Sketch.o
 .debug_macro   0x00001011       0x1c Sketch.o
 .debug_macro   0x0000102d       0x22 Sketch.o
 .debug_macro   0x0000104f       0x87 Sketch.o
 .debug_macro   0x000010d6       0x51 Sketch.o
 .debug_macro   0x00001127       0xef Sketch.o
 .debug_macro   0x00001216       0x6a Sketch.o
 .debug_macro   0x00001280      0x1df Sketch.o
 .debug_macro   0x0000145f      0x143 Sketch.o
 .debug_macro   0x000015a2       0x10 Sketch.o
 .debug_macro   0x000015b2      0x3c3 Sketch.o
 .debug_macro   0x00001975       0x10 Sketch.o
 .debug_macro   0x00001985       0x58 Sketch.o
 .debug_macro   0x000019dd       0x35 Sketch.o
 .debug_macro   0x00001a12       0x9c Sketch.o
 .debug_macro   0x00001aae       0x16 Sketch.o
 .debug_macro   0x00001ac4      0x10e Sketch.o
 .debug_macro   0x00001bd2       0x94 Sketch.o
 .debug_macro   0x00001c66       0x58 Sketch.o
 .debug_macro   0x00001cbe       0x1f Sketch.o
 .debug_macro   0x00001cdd       0x43 Sketch.o
 .debug_macro   0x00001d20       0x20 Sketch.o
 .debug_macro   0x00001d40      0x187 Sketch.o
 .debug_macro   0x00001ec7      0x353 Sketch.o
 .debug_macro   0x0000221a       0x16 Sketch.o
 .debug_macro   0x00002230       0x29 Sketch.o
 .debug_macro   0x00002259       0xea Sketch.o
 .debug_macro   0x00002343       0x16 Sketch.o
 .debug_macro   0x00002359       0x35 Sketch.o
 .debug_macro   0x0000238e       0x18 Sketch.o
 .debug_macro   0x000023a6      0x1da Sketch.o
 .debug_macro   0x00002580      0x3d3 Sketch.o
 .debug_macro   0x00002953       0x10 Sketch.o
 .debug_macro   0x00002963      0x45d Sketch.o
 .debug_macro   0x00002dc0      0x190 Sketch.o
 .debug_macro   0x00002f50       0x1c Sketch.o
 .debug_macro   0x00002f6c      0xd93 Sketch.o
 .debug_macro   0x00003cff       0x46 Sketch.o
 .debug_macro   0x00003d45       0x28 Sketch.o
 .debug_macro   0x00003d6d       0x85 Sketch.o
 .debug_macro   0x00003df2      0x375 Sketch.o
 .debug_macro   0x00004167      0x67e Sketch.o
 .debug_macro   0x000047e5      0x8b1 Sketch.o
 .debug_macro   0x00005096      0x22e Sketch.o
 .debug_macro   0x000052c4      0xd5c Sketch.o
 .debug_macro   0x00006020      0x4dc Sketch.o
 .debug_macro   0x000064fc      0x9f6 Sketch.o
 .debug_macro   0x00006ef2      0x82b Sketch.o
 .debug_macro   0x0000771d      0x45f Sketch.o
 .debug_macro   0x00007b7c       0x5e Sketch.o
 .debug_macro   0x00007bda      0x8f9 Sketch.o
 .debug_macro   0x000084d3      0x21c Sketch.o
 .debug_macro   0x000086ef      0x735 Sketch.o
 .debug_macro   0x00008e24       0x5e Sketch.o
 .debug_macro   0x00008e82      0x632 Sketch.o
 .debug_macro   0x000094b4      0x3ac Sketch.o
 .debug_macro   0x00009860      0xc76 Sketch.o
 .debug_macro   0x0000a4d6     0x1092 Sketch.o
 .debug_macro   0x0000b568      0xc4a Sketch.o
 .debug_macro   0x0000c1b2      0x6ba Sketch.o
 .debug_macro   0x0000c86c     0x1b3d Sketch.o
 .debug_macro   0x0000e3a9     0x143c Sketch.o
 .debug_macro   0x0000f7e5      0x340 Sketch.o
 .debug_macro   0x0000fb25       0x7c Sketch.o
 .debug_macro   0x0000fba1       0xa0 Sketch.o
 .debug_macro   0x0000fc41       0x4c Sketch.o
 .debug_macro   0x0000fc8d       0xca Sketch.o
 .debug_macro   0x0000fd57       0x94 Sketch.o
 .debug_macro   0x0000fdeb       0x58 Sketch.o
 .debug_macro   0x0000fe43      0x341 Sketch.o
 .debug_macro   0x00010184       0x82 Sketch.o
 .debug_macro   0x00010206      0x189 Sketch.o
 .debug_macro   0x0001038f       0xb8 Sketch.o
 .debug_macro   0x00010447       0xa0 Sketch.o
 .debug_macro   0x000104e7       0xb2 Sketch.o
 .debug_macro   0x00010599       0x1c Sketch.o
 .debug_macro   0x000105b5       0x1c Sketch.o
 .debug_macro   0x000105d1       0x1c Sketch.o
 .debug_macro   0x000105ed       0x7c Sketch.o
 .debug_macro   0x00010669      0x15a Sketch.o
 .debug_macro   0x000107c3       0xdc Sketch.o
 .debug_macro   0x0001089f      0x124 Sketch.o
 .debug_macro   0x000109c3      0x124 Sketch.o
 .debug_macro   0x00010ae7      0x124 Sketch.o
 .debug_macro   0x00010c0b      0x124 Sketch.o
 .debug_macro   0x00010d2f      0x124 Sketch.o
 .debug_macro   0x00010e53      0x124 Sketch.o
 .debug_macro   0x00010f77      0x124 Sketch.o
 .debug_macro   0x0001109b       0xe2 Sketch.o
 .debug_macro   0x0001117d       0xe2 Sketch.o
 .debug_macro   0x0001125f       0xe2 Sketch.o
 .debug_macro   0x00011341      0x12a Sketch.o
 .debug_macro   0x0001146b      0x100 Sketch.o
 .debug_macro   0x0001156b       0xf4 Sketch.o
 .debug_macro   0x0001165f      0x40f Sketch.o
 .debug_macro   0x00011a6e       0x40 Sketch.o
 .debug_macro   0x00011aae      0x376 Sketch.o
 .debug_macro   0x00011e24     0x17df Sketch.o
 .debug_macro   0x00013603       0x6d Sketch.o
 .debug_macro   0x00013670       0x5e Sketch.o
 .debug_macro   0x000136ce       0x16 Sketch.o
 .debug_macro   0x000136e4      0x151 Sketch.o
 .debug_macro   0x00013835       0x4c Sketch.o
 .debug_macro   0x00013881       0x10 Sketch.o
 .debug_macro   0x00013891       0x1c Sketch.o
 .debug_macro   0x000138ad       0x10 Sketch.o
 .debug_macro   0x000138bd       0x10 Sketch.o
 .debug_macro   0x000138cd       0x1c Sketch.o
 .debug_macro   0x000138e9       0x52 Sketch.o
 .debug_macro   0x0001393b       0x40 Sketch.o
 .debug_macro   0x0001397b       0x10 Sketch.o
 .debug_macro   0x0001398b       0x40 Sketch.o
 .debug_macro   0x000139cb       0xd7 Sketch.o
 .debug_macro   0x00013aa2       0x16 Sketch.o
 .debug_macro   0x00013ab8      0x18b Sketch.o
 .debug_macro   0x00013c43       0x1c Sketch.o
 .debug_macro   0x00013c5f       0x11 Sketch.o
 .debug_macro   0x00013c70       0xe2 Sketch.o
 .debug_macro   0x00013d52       0x1c Sketch.o
 .debug_macro   0x00013d6e       0x16 Sketch.o
 .debug_macro   0x00013d84       0x10 Sketch.o
 .debug_macro   0x00013d94       0x28 Sketch.o
 .debug_macro   0x00013dbc       0xe9 Sketch.o
 .debug_macro   0x00013ea5       0x28 Sketch.o
 .debug_macro   0x00013ecd       0x70 Sketch.o
 .debug_macro   0x00013f3d       0x65 Sketch.o
 .debug_macro   0x00013fa2      0x3c6 C:\Users\budge\Documents\Atmel Studio\7.0\SAMD20E18\SAMD20E18\ArduinoCore\Debug\libArduinoCore.a(cortex_handlers.o)
 .debug_macro   0x00014368      0x8e0 C:\Users\budge\Documents\Atmel Studio\7.0\SAMD20E18\SAMD20E18\ArduinoCore\Debug\libArduinoCore.a(cortex_handlers.o)
 .debug_macro   0x00014c48       0x40 C:\Users\budge\Documents\Atmel Studio\7.0\SAMD20E18\SAMD20E18\ArduinoCore\Debug\libArduinoCore.a(cortex_handlers.o)
 .debug_macro   0x00014c88      0x375 C:\Users\budge\Documents\Atmel Studio\7.0\SAMD20E18\SAMD20E18\ArduinoCore\Debug\libArduinoCore.a(cortex_handlers.o)
 .debug_macro   0x00014ffd      0x67e C:\Users\budge\Documents\Atmel Studio\7.0\SAMD20E18\SAMD20E18\ArduinoCore\Debug\libArduinoCore.a(cortex_handlers.o)
 .debug_macro   0x0001567b      0x8b1 C:\Users\budge\Documents\Atmel Studio\7.0\SAMD20E18\SAMD20E18\ArduinoCore\Debug\libArduinoCore.a(cortex_handlers.o)
 .debug_macro   0x00015f2c      0x222 C:\Users\budge\Documents\Atmel Studio\7.0\SAMD20E18\SAMD20E18\ArduinoCore\Debug\libArduinoCore.a(cortex_handlers.o)
 .debug_macro   0x0001614e      0x5e7 C:\Users\budge\Documents\Atmel Studio\7.0\SAMD20E18\SAMD20E18\ArduinoCore\Debug\libArduinoCore.a(cortex_handlers.o)
 .debug_macro   0x00016735      0x9f6 C:\Users\budge\Documents\Atmel Studio\7.0\SAMD20E18\SAMD20E18\ArduinoCore\Debug\libArduinoCore.a(cortex_handlers.o)
 .debug_macro   0x0001712b      0x5b5 C:\Users\budge\Documents\Atmel Studio\7.0\SAMD20E18\SAMD20E18\ArduinoCore\Debug\libArduinoCore.a(cortex_handlers.o)
 .debug_macro   0x000176e0      0x4a5 C:\Users\budge\Documents\Atmel Studio\7.0\SAMD20E18\SAMD20E18\ArduinoCore\Debug\libArduinoCore.a(cortex_handlers.o)
 .debug_macro   0x00017b85      0x6e8 C:\Users\budge\Documents\Atmel Studio\7.0\SAMD20E18\SAMD20E18\ArduinoCore\Debug\libArduinoCore.a(cortex_handlers.o)
 .debug_macro   0x0001826d       0x5e C:\Users\budge\Documents\Atmel Studio\7.0\SAMD20E18\SAMD20E18\ArduinoCore\Debug\libArduinoCore.a(cortex_handlers.o)
 .debug_macro   0x000182cb      0x5de C:\Users\budge\Documents\Atmel Studio\7.0\SAMD20E18\SAMD20E18\ArduinoCore\Debug\libArduinoCore.a(cortex_handlers.o)
 .debug_macro   0x000188a9      0x3ac C:\Users\budge\Documents\Atmel Studio\7.0\SAMD20E18\SAMD20E18\ArduinoCore\Debug\libArduinoCore.a(cortex_handlers.o)
 .debug_macro   0x00018c55      0xc76 C:\Users\budge\Documents\Atmel Studio\7.0\SAMD20E18\SAMD20E18\ArduinoCore\Debug\libArduinoCore.a(cortex_handlers.o)
 .debug_macro   0x000198cb      0xd23 C:\Users\budge\Documents\Atmel Studio\7.0\SAMD20E18\SAMD20E18\ArduinoCore\Debug\libArduinoCore.a(cortex_handlers.o)
 .debug_macro   0x0001a5ee      0x7ac C:\Users\budge\Documents\Atmel Studio\7.0\SAMD20E18\SAMD20E18\ArduinoCore\Debug\libArduinoCore.a(cortex_handlers.o)
 .debug_macro   0x0001ad9a      0x6ba C:\Users\budge\Documents\Atmel Studio\7.0\SAMD20E18\SAMD20E18\ArduinoCore\Debug\libArduinoCore.a(cortex_handlers.o)
 .debug_macro   0x0001b454      0x340 C:\Users\budge\Documents\Atmel Studio\7.0\SAMD20E18\SAMD20E18\ArduinoCore\Debug\libArduinoCore.a(cortex_handlers.o)
 .debug_macro   0x0001b794       0x7c C:\Users\budge\Documents\Atmel Studio\7.0\SAMD20E18\SAMD20E18\ArduinoCore\Debug\libArduinoCore.a(cortex_handlers.o)
 .debug_macro   0x0001b810       0x9a C:\Users\budge\Documents\Atmel Studio\7.0\SAMD20E18\SAMD20E18\ArduinoCore\Debug\libArduinoCore.a(cortex_handlers.o)
 .debug_macro   0x0001b8aa       0x46 C:\Users\budge\Documents\Atmel Studio\7.0\SAMD20E18\SAMD20E18\ArduinoCore\Debug\libArduinoCore.a(cortex_handlers.o)
 .debug_macro   0x0001b8f0       0xb2 C:\Users\budge\Documents\Atmel Studio\7.0\SAMD20E18\SAMD20E18\ArduinoCore\Debug\libArduinoCore.a(cortex_handlers.o)
 .debug_macro   0x0001b9a2       0x6a C:\Users\budge\Documents\Atmel Studio\7.0\SAMD20E18\SAMD20E18\ArduinoCore\Debug\libArduinoCore.a(cortex_handlers.o)
 .debug_macro   0x0001ba0c      0x261 C:\Users\budge\Documents\Atmel Studio\7.0\SAMD20E18\SAMD20E18\ArduinoCore\Debug\libArduinoCore.a(cortex_handlers.o)
 .debug_macro   0x0001bc6d       0x7c C:\Users\budge\Documents\Atmel Studio\7.0\SAMD20E18\SAMD20E18\ArduinoCore\Debug\libArduinoCore.a(cortex_handlers.o)
 .debug_macro   0x0001bce9       0xb2 C:\Users\budge\Documents\Atmel Studio\7.0\SAMD20E18\SAMD20E18\ArduinoCore\Debug\libArduinoCore.a(cortex_handlers.o)
 .debug_macro   0x0001bd9b       0x1c C:\Users\budge\Documents\Atmel Studio\7.0\SAMD20E18\SAMD20E18\ArduinoCore\Debug\libArduinoCore.a(cortex_handlers.o)
 .debug_macro   0x0001bdb7       0x1c C:\Users\budge\Documents\Atmel Studio\7.0\SAMD20E18\SAMD20E18\ArduinoCore\Debug\libArduinoCore.a(cortex_handlers.o)
 .debug_macro   0x0001bdd3       0x1c C:\Users\budge\Documents\Atmel Studio\7.0\SAMD20E18\SAMD20E18\ArduinoCore\Debug\libArduinoCore.a(cortex_handlers.o)
 .debug_macro   0x0001bdef       0x82 C:\Users\budge\Documents\Atmel Studio\7.0\SAMD20E18\SAMD20E18\ArduinoCore\Debug\libArduinoCore.a(cortex_handlers.o)
 .debug_macro   0x0001be71      0x15a C:\Users\budge\Documents\Atmel Studio\7.0\SAMD20E18\SAMD20E18\ArduinoCore\Debug\libArduinoCore.a(cortex_handlers.o)
 .debug_macro   0x0001bfcb       0xdc C:\Users\budge\Documents\Atmel Studio\7.0\SAMD20E18\SAMD20E18\ArduinoCore\Debug\libArduinoCore.a(cortex_handlers.o)
 .debug_macro   0x0001c0a7      0x100 C:\Users\budge\Documents\Atmel Studio\7.0\SAMD20E18\SAMD20E18\ArduinoCore\Debug\libArduinoCore.a(cortex_handlers.o)
 .debug_macro   0x0001c1a7      0x100 C:\Users\budge\Documents\Atmel Studio\7.0\SAMD20E18\SAMD20E18\ArduinoCore\Debug\libArduinoCore.a(cortex_handlers.o)
 .debug_macro   0x0001c2a7      0x100 C:\Users\budge\Documents\Atmel Studio\7.0\SAMD20E18\SAMD20E18\ArduinoCore\Debug\libArduinoCore.a(cortex_handlers.o)
 .debug_macro   0x0001c3a7      0x100 C:\Users\budge\Documents\Atmel Studio\7.0\SAMD20E18\SAMD20E18\ArduinoCore\Debug\libArduinoCore.a(cortex_handlers.o)
 .debug_macro   0x0001c4a7       0xfa C:\Users\budge\Documents\Atmel Studio\7.0\SAMD20E18\SAMD20E18\ArduinoCore\Debug\libArduinoCore.a(cortex_handlers.o)
 .debug_macro   0x0001c5a1       0xbe C:\Users\budge\Documents\Atmel Studio\7.0\SAMD20E18\SAMD20E18\ArduinoCore\Debug\libArduinoCore.a(cortex_handlers.o)
 .debug_macro   0x0001c65f       0xbe C:\Users\budge\Documents\Atmel Studio\7.0\SAMD20E18\SAMD20E18\ArduinoCore\Debug\libArduinoCore.a(cortex_handlers.o)
 .debug_macro   0x0001c71d       0xbe C:\Users\budge\Documents\Atmel Studio\7.0\SAMD20E18\SAMD20E18\ArduinoCore\Debug\libArduinoCore.a(cortex_handlers.o)
 .debug_macro   0x0001c7db       0xbe C:\Users\budge\Documents\Atmel Studio\7.0\SAMD20E18\SAMD20E18\ArduinoCore\Debug\libArduinoCore.a(cortex_handlers.o)
 .debug_macro   0x0001c899       0xbe C:\Users\budge\Documents\Atmel Studio\7.0\SAMD20E18\SAMD20E18\ArduinoCore\Debug\libArduinoCore.a(cortex_handlers.o)
 .debug_macro   0x0001c957       0xbe C:\Users\budge\Documents\Atmel Studio\7.0\SAMD20E18\SAMD20E18\ArduinoCore\Debug\libArduinoCore.a(cortex_handlers.o)
 .debug_macro   0x0001ca15       0x40 C:\Users\budge\Documents\Atmel Studio\7.0\SAMD20E18\SAMD20E18\ArduinoCore\Debug\libArduinoCore.a(cortex_handlers.o)
 .debug_macro   0x0001ca55      0x2c0 C:\Users\budge\Documents\Atmel Studio\7.0\SAMD20E18\SAMD20E18\ArduinoCore\Debug\libArduinoCore.a(cortex_handlers.o)
 .debug_macro   0x0001cd15      0xd97 C:\Users\budge\Documents\Atmel Studio\7.0\SAMD20E18\SAMD20E18\ArduinoCore\Debug\libArduinoCore.a(cortex_handlers.o)
 .debug_macro   0x0001daac       0x66 C:\Users\budge\Documents\Atmel Studio\7.0\SAMD20E18\SAMD20E18\ArduinoCore\Debug\libArduinoCore.a(cortex_handlers.o)
 .debug_macro   0x0001db12       0x9c C:\Users\budge\Documents\Atmel Studio\7.0\SAMD20E18\SAMD20E18\ArduinoCore\Debug\libArduinoCore.a(cortex_handlers.o)
 .debug_macro   0x0001dbae       0x16 C:\Users\budge\Documents\Atmel Studio\7.0\SAMD20E18\SAMD20E18\ArduinoCore\Debug\libArduinoCore.a(cortex_handlers.o)
 .debug_macro   0x0001dbc4       0x97 C:\Users\budge\Documents\Atmel Studio\7.0\SAMD20E18\SAMD20E18\ArduinoCore\Debug\libArduinoCore.a(cortex_handlers.o)
 .debug_macro   0x0001dc5b      0x330 C:\Users\budge\Documents\Atmel Studio\7.0\SAMD20E18\SAMD20E18\ArduinoCore\Debug\libArduinoCore.a(cortex_handlers.o)
 .debug_macro   0x0001df8b       0xfd C:\Users\budge\Documents\Atmel Studio\7.0\SAMD20E18\SAMD20E18\ArduinoCore\Debug\libArduinoCore.a(cortex_handlers.o)
 .debug_macro   0x0001e088       0x43 C:\Users\budge\Documents\Atmel Studio\7.0\SAMD20E18\SAMD20E18\ArduinoCore\Debug\libArduinoCore.a(cortex_handlers.o)
 .debug_macro   0x0001e0cb      0x408 C:\Users\budge\Documents\Atmel Studio\7.0\SAMD20E18\SAMD20E18\ArduinoCore\Debug\libArduinoCore.a(delay.o)
 .debug_macro   0x0001e4d3       0x46 C:\Users\budge\Documents\Atmel Studio\7.0\SAMD20E18\SAMD20E18\ArduinoCore\Debug\libArduinoCore.a(delay.o)
 .debug_macro   0x0001e519       0x22 C:\Users\budge\Documents\Atmel Studio\7.0\SAMD20E18\SAMD20E18\ArduinoCore\Debug\libArduinoCore.a(delay.o)
 .debug_macro   0x0001e53b      0x10e C:\Users\budge\Documents\Atmel Studio\7.0\SAMD20E18\SAMD20E18\ArduinoCore\Debug\libArduinoCore.a(delay.o)
 .debug_macro   0x0001e649       0x8d C:\Users\budge\Documents\Atmel Studio\7.0\SAMD20E18\SAMD20E18\ArduinoCore\Debug\libArduinoCore.a(delay.o)
 .debug_macro   0x0001e6d6       0x35 C:\Users\budge\Documents\Atmel Studio\7.0\SAMD20E18\SAMD20E18\ArduinoCore\Debug\libArduinoCore.a(delay.o)
 .debug_macro   0x0001e70b      0x1e1 C:\Users\budge\Documents\Atmel Studio\7.0\SAMD20E18\SAMD20E18\ArduinoCore\Debug\libArduinoCore.a(delay.o)
 .debug_macro   0x0001e8ec       0x11 C:\Users\budge\Documents\Atmel Studio\7.0\SAMD20E18\SAMD20E18\ArduinoCore\Debug\libArduinoCore.a(hooks.o)
 .debug_macro   0x0001e8fd      0x5cc C:\Users\budge\Documents\Atmel Studio\7.0\SAMD20E18\SAMD20E18\ArduinoCore\Debug\libArduinoCore.a(main.o)
 .debug_macro   0x0001eec9      0x982 C:\Users\budge\Documents\Atmel Studio\7.0\SAMD20E18\SAMD20E18\ArduinoCore\Debug\libArduinoCore.a(main.o)
 .debug_macro   0x0001f84b      0x5cc C:\Users\budge\Documents\Atmel Studio\7.0\SAMD20E18\SAMD20E18\ArduinoCore\Debug\libArduinoCore.a(Print.o)
 .debug_macro   0x0001fe17       0x52 C:\Users\budge\Documents\Atmel Studio\7.0\SAMD20E18\SAMD20E18\ArduinoCore\Debug\libArduinoCore.a(Print.o)
 .debug_macro   0x0001fe69       0x8d C:\Users\budge\Documents\Atmel Studio\7.0\SAMD20E18\SAMD20E18\ArduinoCore\Debug\libArduinoCore.a(Print.o)
 .debug_macro   0x0001fef6       0x57 C:\Users\budge\Documents\Atmel Studio\7.0\SAMD20E18\SAMD20E18\ArduinoCore\Debug\libArduinoCore.a(Print.o)
 .debug_macro   0x0001ff4d      0x5d7 C:\Users\budge\Documents\Atmel Studio\7.0\SAMD20E18\SAMD20E18\ArduinoCore\Debug\libArduinoCore.a(Reset.o)
 .debug_macro   0x00020524      0x3ea C:\Users\budge\Documents\Atmel Studio\7.0\SAMD20E18\SAMD20E18\ArduinoCore\Debug\libArduinoCore.a(startup.o)
 .debug_macro   0x0002090e      0x5e7 C:\Users\budge\Documents\Atmel Studio\7.0\SAMD20E18\SAMD20E18\ArduinoCore\Debug\libArduinoCore.a(Uart.o)
 .debug_macro   0x00020ef5       0x82 C:\Users\budge\Documents\Atmel Studio\7.0\SAMD20E18\SAMD20E18\ArduinoCore\Debug\libArduinoCore.a(Uart.o)
 .debug_macro   0x00020f77       0xa2 C:\Users\budge\Documents\Atmel Studio\7.0\SAMD20E18\SAMD20E18\ArduinoCore\Debug\libArduinoCore.a(Uart.o)
 .debug_macro   0x00021019       0x97 C:\Users\budge\Documents\Atmel Studio\7.0\SAMD20E18\SAMD20E18\ArduinoCore\Debug\libArduinoCore.a(Uart.o)
 .debug_macro   0x000210b0      0x196 C:\Users\budge\Documents\Atmel Studio\7.0\SAMD20E18\SAMD20E18\ArduinoCore\Debug\libArduinoCore.a(Uart.o)
 .debug_macro   0x00021246       0x10 C:\Users\budge\Documents\Atmel Studio\7.0\SAMD20E18\SAMD20E18\ArduinoCore\Debug\libArduinoCore.a(Uart.o)
 .debug_macro   0x00021256       0x4c C:\Users\budge\Documents\Atmel Studio\7.0\SAMD20E18\SAMD20E18\ArduinoCore\Debug\libArduinoCore.a(Uart.o)
 .debug_macro   0x000212a2      0x3fb C:\Users\budge\Documents\Atmel Studio\7.0\SAMD20E18\SAMD20E18\ArduinoCore\Debug\libArduinoCore.a(wiring.o)
 .debug_macro   0x0002169d      0x101 C:\Users\budge\Documents\Atmel Studio\7.0\SAMD20E18\SAMD20E18\ArduinoCore\Debug\libArduinoCore.a(wiring.o)
 .debug_macro   0x0002179e      0x4c5 C:\Users\budge\Documents\Atmel Studio\7.0\SAMD20E18\SAMD20E18\ArduinoCore\Debug\libArduinoCore.a(wiring_analog.o)
 .debug_macro   0x00021c63      0x3fb C:\Users\budge\Documents\Atmel Studio\7.0\SAMD20E18\SAMD20E18\ArduinoCore\Debug\libArduinoCore.a(wiring_digital.o)
 .debug_macro   0x0002205e      0x4bf C:\Users\budge\Documents\Atmel Studio\7.0\SAMD20E18\SAMD20E18\ArduinoCore\Debug\libArduinoCore.a(wiring_private.o)
 .debug_macro   0x0002251d      0x606 C:\Users\budge\Documents\Atmel Studio\7.0\SAMD20E18\SAMD20E18\ArduinoCore\Debug\libArduinoCore.a(SPI.o)
 .debug_macro   0x00022b23       0x5f C:\Users\budge\Documents\Atmel Studio\7.0\SAMD20E18\SAMD20E18\ArduinoCore\Debug\libArduinoCore.a(SPI.o)
 .debug_macro   0x00022b82       0x16 C:\Users\budge\Documents\Atmel Studio\7.0\SAMD20E18\SAMD20E18\ArduinoCore\Debug\libArduinoCore.a(SPI.o)
 .debug_macro   0x00022b98      0x5ed C:\Users\budge\Documents\Atmel Studio\7.0\SAMD20E18\SAMD20E18\ArduinoCore\Debug\libArduinoCore.a(Wire.o)
 .debug_macro   0x00023185      0x17b C:\Users\budge\Documents\Atmel Studio\7.0\SAMD20E18\SAMD20E18\ArduinoCore\Debug\libArduinoCore.a(Wire.o)
 .debug_macro   0x00023300       0x10 C:\Users\budge\Documents\Atmel Studio\7.0\SAMD20E18\SAMD20E18\ArduinoCore\Debug\libArduinoCore.a(Wire.o)
 .debug_macro   0x00023310      0x4f1 C:\Users\budge\Documents\Atmel Studio\7.0\SAMD20E18\SAMD20E18\ArduinoCore\Debug\libArduinoCore.a(variant.o)
 .debug_macro   0x00023801      0x503 C:\Users\budge\Documents\Atmel Studio\7.0\SAMD20E18\SAMD20E18\ArduinoCore\Debug\libArduinoCore.a(SERCOM.o)

.debug_line     0x00000000     0xb527
 .debug_line    0x00000000      0xced Sketch.o
 .debug_line    0x00000ced      0x7e5 C:\Users\budge\Documents\Atmel Studio\7.0\SAMD20E18\SAMD20E18\ArduinoCore\Debug\libArduinoCore.a(cortex_handlers.o)
 .debug_line    0x000014d2      0x880 C:\Users\budge\Documents\Atmel Studio\7.0\SAMD20E18\SAMD20E18\ArduinoCore\Debug\libArduinoCore.a(delay.o)
 .debug_line    0x00001d52       0x63 C:\Users\budge\Documents\Atmel Studio\7.0\SAMD20E18\SAMD20E18\ArduinoCore\Debug\libArduinoCore.a(hooks.o)
 .debug_line    0x00001db5      0xbc8 C:\Users\budge\Documents\Atmel Studio\7.0\SAMD20E18\SAMD20E18\ArduinoCore\Debug\libArduinoCore.a(main.o)
 .debug_line    0x0000297d      0xedf C:\Users\budge\Documents\Atmel Studio\7.0\SAMD20E18\SAMD20E18\ArduinoCore\Debug\libArduinoCore.a(Print.o)
 .debug_line    0x0000385c      0xc23 C:\Users\budge\Documents\Atmel Studio\7.0\SAMD20E18\SAMD20E18\ArduinoCore\Debug\libArduinoCore.a(Reset.o)
 .debug_line    0x0000447f      0x809 C:\Users\budge\Documents\Atmel Studio\7.0\SAMD20E18\SAMD20E18\ArduinoCore\Debug\libArduinoCore.a(startup.o)
 .debug_line    0x00004c88      0xe9d C:\Users\budge\Documents\Atmel Studio\7.0\SAMD20E18\SAMD20E18\ArduinoCore\Debug\libArduinoCore.a(Uart.o)
 .debug_line    0x00005b25      0x866 C:\Users\budge\Documents\Atmel Studio\7.0\SAMD20E18\SAMD20E18\ArduinoCore\Debug\libArduinoCore.a(wiring.o)
 .debug_line    0x0000638b      0xa15 C:\Users\budge\Documents\Atmel Studio\7.0\SAMD20E18\SAMD20E18\ArduinoCore\Debug\libArduinoCore.a(wiring_analog.o)
 .debug_line    0x00006da0      0x857 C:\Users\budge\Documents\Atmel Studio\7.0\SAMD20E18\SAMD20E18\ArduinoCore\Debug\libArduinoCore.a(wiring_digital.o)
 .debug_line    0x000075f7      0x8f3 C:\Users\budge\Documents\Atmel Studio\7.0\SAMD20E18\SAMD20E18\ArduinoCore\Debug\libArduinoCore.a(wiring_private.o)
 .debug_line    0x00007eea      0xdf9 C:\Users\budge\Documents\Atmel Studio\7.0\SAMD20E18\SAMD20E18\ArduinoCore\Debug\libArduinoCore.a(SPI.o)
 .debug_line    0x00008ce3      0xf53 C:\Users\budge\Documents\Atmel Studio\7.0\SAMD20E18\SAMD20E18\ArduinoCore\Debug\libArduinoCore.a(Wire.o)
 .debug_line    0x00009c36      0x9c3 C:\Users\budge\Documents\Atmel Studio\7.0\SAMD20E18\SAMD20E18\ArduinoCore\Debug\libArduinoCore.a(variant.o)
 .debug_line    0x0000a5f9      0xf2e C:\Users\budge\Documents\Atmel Studio\7.0\SAMD20E18\SAMD20E18\ArduinoCore\Debug\libArduinoCore.a(SERCOM.o)

.debug_str      0x00000000    0x85e08
 .debug_str     0x00000000    0x79e0e Sketch.o
                              0x7ac2a (size before relaxing)
 .debug_str     0x00079e0e     0x84b2 C:\Users\budge\Documents\Atmel Studio\7.0\SAMD20E18\SAMD20E18\ArduinoCore\Debug\libArduinoCore.a(cortex_handlers.o)
                              0x4469b (size before relaxing)
 .debug_str     0x000822c0       0xca C:\Users\budge\Documents\Atmel Studio\7.0\SAMD20E18\SAMD20E18\ArduinoCore\Debug\libArduinoCore.a(delay.o)
                              0x47611 (size before relaxing)
 .debug_str     0x0008238a       0x2b C:\Users\budge\Documents\Atmel Studio\7.0\SAMD20E18\SAMD20E18\ArduinoCore\Debug\libArduinoCore.a(hooks.o)
                               0x25eb (size before relaxing)
 .debug_str     0x000823b5       0x75 C:\Users\budge\Documents\Atmel Studio\7.0\SAMD20E18\SAMD20E18\ArduinoCore\Debug\libArduinoCore.a(main.o)
                              0x4cb6f (size before relaxing)
 .debug_str     0x0008242a      0xf46 C:\Users\budge\Documents\Atmel Studio\7.0\SAMD20E18\SAMD20E18\ArduinoCore\Debug\libArduinoCore.a(Print.o)
                              0x4daa0 (size before relaxing)
 .debug_str     0x00083370      0x20c C:\Users\budge\Documents\Atmel Studio\7.0\SAMD20E18\SAMD20E18\ArduinoCore\Debug\libArduinoCore.a(Reset.o)
                              0x4ce08 (size before relaxing)
 .debug_str     0x0008357c      0x8a0 C:\Users\budge\Documents\Atmel Studio\7.0\SAMD20E18\SAMD20E18\ArduinoCore\Debug\libArduinoCore.a(startup.o)
                              0x44dfd (size before relaxing)
 .debug_str     0x00083e1c      0xd76 C:\Users\budge\Documents\Atmel Studio\7.0\SAMD20E18\SAMD20E18\ArduinoCore\Debug\libArduinoCore.a(Uart.o)
                              0x4e610 (size before relaxing)
 .debug_str     0x00084b92      0x153 C:\Users\budge\Documents\Atmel Studio\7.0\SAMD20E18\SAMD20E18\ArduinoCore\Debug\libArduinoCore.a(wiring.o)
                              0x47ebb (size before relaxing)
 .debug_str     0x00084ce5      0x1d5 C:\Users\budge\Documents\Atmel Studio\7.0\SAMD20E18\SAMD20E18\ArduinoCore\Debug\libArduinoCore.a(wiring_analog.o)
                              0x4904b (size before relaxing)
 .debug_str     0x00084eba       0x43 C:\Users\budge\Documents\Atmel Studio\7.0\SAMD20E18\SAMD20E18\ArduinoCore\Debug\libArduinoCore.a(wiring_digital.o)
                              0x47728 (size before relaxing)
 .debug_str     0x00084efd       0x2f C:\Users\budge\Documents\Atmel Studio\7.0\SAMD20E18\SAMD20E18\ArduinoCore\Debug\libArduinoCore.a(wiring_private.o)
                              0x4899a (size before relaxing)
 .debug_str     0x00084f2c      0x5c8 C:\Users\budge\Documents\Atmel Studio\7.0\SAMD20E18\SAMD20E18\ArduinoCore\Debug\libArduinoCore.a(SPI.o)
                              0x4d886 (size before relaxing)
 .debug_str     0x000854f4      0x577 C:\Users\budge\Documents\Atmel Studio\7.0\SAMD20E18\SAMD20E18\ArduinoCore\Debug\libArduinoCore.a(Wire.o)
                              0x4e2ab (size before relaxing)
 .debug_str     0x00085a6b      0x1bb C:\Users\budge\Documents\Atmel Studio\7.0\SAMD20E18\SAMD20E18\ArduinoCore\Debug\libArduinoCore.a(variant.o)
                              0x4a2fe (size before relaxing)
 .debug_str     0x00085c26      0x1e2 C:\Users\budge\Documents\Atmel Studio\7.0\SAMD20E18\SAMD20E18\ArduinoCore\Debug\libArduinoCore.a(SERCOM.o)
                              0x4a36f (size before relaxing)

.debug_frame    0x00000000     0x1114
 .debug_frame   0x00000000       0x40 Sketch.o
 .debug_frame   0x00000040       0x7c C:\Users\budge\Documents\Atmel Studio\7.0\SAMD20E18\SAMD20E18\ArduinoCore\Debug\libArduinoCore.a(cortex_handlers.o)
 .debug_frame   0x000000bc       0x78 C:\Users\budge\Documents\Atmel Studio\7.0\SAMD20E18\SAMD20E18\ArduinoCore\Debug\libArduinoCore.a(delay.o)
 .debug_frame   0x00000134       0x40 C:\Users\budge\Documents\Atmel Studio\7.0\SAMD20E18\SAMD20E18\ArduinoCore\Debug\libArduinoCore.a(hooks.o)
 .debug_frame   0x00000174       0x38 C:\Users\budge\Documents\Atmel Studio\7.0\SAMD20E18\SAMD20E18\ArduinoCore\Debug\libArduinoCore.a(main.o)
 .debug_frame   0x000001ac      0x318 C:\Users\budge\Documents\Atmel Studio\7.0\SAMD20E18\SAMD20E18\ArduinoCore\Debug\libArduinoCore.a(Print.o)
 .debug_frame   0x000004c4       0x48 C:\Users\budge\Documents\Atmel Studio\7.0\SAMD20E18\SAMD20E18\ArduinoCore\Debug\libArduinoCore.a(Reset.o)
 .debug_frame   0x0000050c       0x2c C:\Users\budge\Documents\Atmel Studio\7.0\SAMD20E18\SAMD20E18\ArduinoCore\Debug\libArduinoCore.a(startup.o)
 .debug_frame   0x00000538      0x1cc C:\Users\budge\Documents\Atmel Studio\7.0\SAMD20E18\SAMD20E18\ArduinoCore\Debug\libArduinoCore.a(Uart.o)
 .debug_frame   0x00000704       0x28 C:\Users\budge\Documents\Atmel Studio\7.0\SAMD20E18\SAMD20E18\ArduinoCore\Debug\libArduinoCore.a(wiring.o)
 .debug_frame   0x0000072c       0x90 C:\Users\budge\Documents\Atmel Studio\7.0\SAMD20E18\SAMD20E18\ArduinoCore\Debug\libArduinoCore.a(wiring_analog.o)
 .debug_frame   0x000007bc       0x64 C:\Users\budge\Documents\Atmel Studio\7.0\SAMD20E18\SAMD20E18\ArduinoCore\Debug\libArduinoCore.a(wiring_digital.o)
 .debug_frame   0x00000820       0x30 C:\Users\budge\Documents\Atmel Studio\7.0\SAMD20E18\SAMD20E18\ArduinoCore\Debug\libArduinoCore.a(wiring_private.o)
 .debug_frame   0x00000850      0x1ac C:\Users\budge\Documents\Atmel Studio\7.0\SAMD20E18\SAMD20E18\ArduinoCore\Debug\libArduinoCore.a(SPI.o)
 .debug_frame   0x000009fc      0x244 C:\Users\budge\Documents\Atmel Studio\7.0\SAMD20E18\SAMD20E18\ArduinoCore\Debug\libArduinoCore.a(Wire.o)
 .debug_frame   0x00000c40       0x44 C:\Users\budge\Documents\Atmel Studio\7.0\SAMD20E18\SAMD20E18\ArduinoCore\Debug\libArduinoCore.a(variant.o)
 .debug_frame   0x00000c84      0x424 C:\Users\budge\Documents\Atmel Studio\7.0\SAMD20E18\SAMD20E18\ArduinoCore\Debug\libArduinoCore.a(SERCOM.o)
 .debug_frame   0x000010a8       0x20 c:/program files (x86)/atmel/studio/7.0/toolchain/arm/arm-gnu-toolchain/bin/../lib/gcc/arm-none-eabi/6.3.1/thumb/v6-m\libgcc.a(_udivsi3.o)
 .debug_frame   0x000010c8       0x2c c:/program files (x86)/atmel/studio/7.0/toolchain/arm/arm-gnu-toolchain/bin/../lib/gcc/arm-none-eabi/6.3.1/../../../../arm-none-eabi/lib/thumb/v6-m\libc_nano.a(lib_a-init.o)
 .debug_frame   0x000010f4       0x20 c:/program files (x86)/atmel/studio/7.0/toolchain/arm/arm-gnu-toolchain/bin/../lib/gcc/arm-none-eabi/6.3.1/../../../../arm-none-eabi/lib/thumb/v6-m\libc_nano.a(lib_a-memset.o)

.stabstr        0x00000000      0x1b9
 .stabstr       0x00000000      0x1b9 c:/program files (x86)/atmel/studio/7.0/toolchain/arm/arm-gnu-toolchain/bin/../lib/gcc/arm-none-eabi/6.3.1/../../../../arm-none-eabi/lib/thumb/v6-m\libnosys.a(close.o)

Cross Reference Table

Symbol                                            File
AC_Handler                                        C:\Users\budge\Documents\Atmel Studio\7.0\SAMD20E18\SAMD20E18\ArduinoCore\Debug\libArduinoCore.a(cortex_handlers.o)
ADC_Handler                                       C:\Users\budge\Documents\Atmel Studio\7.0\SAMD20E18\SAMD20E18\ArduinoCore\Debug\libArduinoCore.a(cortex_handlers.o)
DAC_Handler                                       C:\Users\budge\Documents\Atmel Studio\7.0\SAMD20E18\SAMD20E18\ArduinoCore\Debug\libArduinoCore.a(cortex_handlers.o)
DMAC_Handler                                      C:\Users\budge\Documents\Atmel Studio\7.0\SAMD20E18\SAMD20E18\ArduinoCore\Debug\libArduinoCore.a(cortex_handlers.o)
Dummy_Handler                                     C:\Users\budge\Documents\Atmel Studio\7.0\SAMD20E18\SAMD20E18\ArduinoCore\Debug\libArduinoCore.a(cortex_handlers.o)
EIC_Handler                                       C:\Users\budge\Documents\Atmel Studio\7.0\SAMD20E18\SAMD20E18\ArduinoCore\Debug\libArduinoCore.a(cortex_handlers.o)
EVSYS_Handler                                     C:\Users\budge\Documents\Atmel Studio\7.0\SAMD20E18\SAMD20E18\ArduinoCore\Debug\libArduinoCore.a(cortex_handlers.o)
HardFault_Handler                                 C:\Users\budge\Documents\Atmel Studio\7.0\SAMD20E18\SAMD20E18\ArduinoCore\Debug\libArduinoCore.a(cortex_handlers.o)
I2S_Handler                                       C:\Users\budge\Documents\Atmel Studio\7.0\SAMD20E18\SAMD20E18\ArduinoCore\Debug\libArduinoCore.a(cortex_handlers.o)
NMI_Handler                                       C:\Users\budge\Documents\Atmel Studio\7.0\SAMD20E18\SAMD20E18\ArduinoCore\Debug\libArduinoCore.a(cortex_handlers.o)
NVMCTRL_Handler                                   C:\Users\budge\Documents\Atmel Studio\7.0\SAMD20E18\SAMD20E18\ArduinoCore\Debug\libArduinoCore.a(cortex_handlers.o)
PM_Handler                                        C:\Users\budge\Documents\Atmel Studio\7.0\SAMD20E18\SAMD20E18\ArduinoCore\Debug\libArduinoCore.a(cortex_handlers.o)
PTC_Handler                                       C:\Users\budge\Documents\Atmel Studio\7.0\SAMD20E18\SAMD20E18\ArduinoCore\Debug\libArduinoCore.a(cortex_handlers.o)
PendSV_Handler                                    C:\Users\budge\Documents\Atmel Studio\7.0\SAMD20E18\SAMD20E18\ArduinoCore\Debug\libArduinoCore.a(cortex_handlers.o)
Print::availableForWrite()                        C:\Users\budge\Documents\Atmel Studio\7.0\SAMD20E18\SAMD20E18\ArduinoCore\Debug\libArduinoCore.a(Print.o)
                                                  C:\Users\budge\Documents\Atmel Studio\7.0\SAMD20E18\SAMD20E18\ArduinoCore\Debug\libArduinoCore.a(Wire.o)
Print::flush()                                    C:\Users\budge\Documents\Atmel Studio\7.0\SAMD20E18\SAMD20E18\ArduinoCore\Debug\libArduinoCore.a(Print.o)
Print::print(Printable const&)                    C:\Users\budge\Documents\Atmel Studio\7.0\SAMD20E18\SAMD20E18\ArduinoCore\Debug\libArduinoCore.a(Print.o)
Print::print(String const&)                       C:\Users\budge\Documents\Atmel Studio\7.0\SAMD20E18\SAMD20E18\ArduinoCore\Debug\libArduinoCore.a(Print.o)
Print::print(__FlashStringHelper const*)          C:\Users\budge\Documents\Atmel Studio\7.0\SAMD20E18\SAMD20E18\ArduinoCore\Debug\libArduinoCore.a(Print.o)
Print::print(char const*)                         C:\Users\budge\Documents\Atmel Studio\7.0\SAMD20E18\SAMD20E18\ArduinoCore\Debug\libArduinoCore.a(Print.o)
Print::print(char)                                C:\Users\budge\Documents\Atmel Studio\7.0\SAMD20E18\SAMD20E18\ArduinoCore\Debug\libArduinoCore.a(Print.o)
Print::print(double, int)                         C:\Users\budge\Documents\Atmel Studio\7.0\SAMD20E18\SAMD20E18\ArduinoCore\Debug\libArduinoCore.a(Print.o)
Print::print(int, int)                            C:\Users\budge\Documents\Atmel Studio\7.0\SAMD20E18\SAMD20E18\ArduinoCore\Debug\libArduinoCore.a(Print.o)
Print::print(long, int)                           C:\Users\budge\Documents\Atmel Studio\7.0\SAMD20E18\SAMD20E18\ArduinoCore\Debug\libArduinoCore.a(Print.o)
Print::print(unsigned char, int)                  C:\Users\budge\Documents\Atmel Studio\7.0\SAMD20E18\SAMD20E18\ArduinoCore\Debug\libArduinoCore.a(Print.o)
Print::print(unsigned int, int)                   C:\Users\budge\Documents\Atmel Studio\7.0\SAMD20E18\SAMD20E18\ArduinoCore\Debug\libArduinoCore.a(Print.o)
Print::print(unsigned long, int)                  C:\Users\budge\Documents\Atmel Studio\7.0\SAMD20E18\SAMD20E18\ArduinoCore\Debug\libArduinoCore.a(Print.o)
                                                  Sketch.o
Print::printFloat(double, unsigned char)          C:\Users\budge\Documents\Atmel Studio\7.0\SAMD20E18\SAMD20E18\ArduinoCore\Debug\libArduinoCore.a(Print.o)
Print::printNumber(unsigned long, unsigned char)  C:\Users\budge\Documents\Atmel Studio\7.0\SAMD20E18\SAMD20E18\ArduinoCore\Debug\libArduinoCore.a(Print.o)
Print::println()                                  C:\Users\budge\Documents\Atmel Studio\7.0\SAMD20E18\SAMD20E18\ArduinoCore\Debug\libArduinoCore.a(Print.o)
Print::println(Printable const&)                  C:\Users\budge\Documents\Atmel Studio\7.0\SAMD20E18\SAMD20E18\ArduinoCore\Debug\libArduinoCore.a(Print.o)
Print::println(String const&)                     C:\Users\budge\Documents\Atmel Studio\7.0\SAMD20E18\SAMD20E18\ArduinoCore\Debug\libArduinoCore.a(Print.o)
Print::println(__FlashStringHelper const*)        C:\Users\budge\Documents\Atmel Studio\7.0\SAMD20E18\SAMD20E18\ArduinoCore\Debug\libArduinoCore.a(Print.o)
Print::println(char const*)                       C:\Users\budge\Documents\Atmel Studio\7.0\SAMD20E18\SAMD20E18\ArduinoCore\Debug\libArduinoCore.a(Print.o)
Print::println(char)                              C:\Users\budge\Documents\Atmel Studio\7.0\SAMD20E18\SAMD20E18\ArduinoCore\Debug\libArduinoCore.a(Print.o)
Print::println(double, int)                       C:\Users\budge\Documents\Atmel Studio\7.0\SAMD20E18\SAMD20E18\ArduinoCore\Debug\libArduinoCore.a(Print.o)
Print::println(int, int)                          C:\Users\budge\Documents\Atmel Studio\7.0\SAMD20E18\SAMD20E18\ArduinoCore\Debug\libArduinoCore.a(Print.o)
Print::println(long, int)                         C:\Users\budge\Documents\Atmel Studio\7.0\SAMD20E18\SAMD20E18\ArduinoCore\Debug\libArduinoCore.a(Print.o)
Print::println(unsigned char, int)                C:\Users\budge\Documents\Atmel Studio\7.0\SAMD20E18\SAMD20E18\ArduinoCore\Debug\libArduinoCore.a(Print.o)
Print::println(unsigned int, int)                 C:\Users\budge\Documents\Atmel Studio\7.0\SAMD20E18\SAMD20E18\ArduinoCore\Debug\libArduinoCore.a(Print.o)
Print::println(unsigned long, int)                C:\Users\budge\Documents\Atmel Studio\7.0\SAMD20E18\SAMD20E18\ArduinoCore\Debug\libArduinoCore.a(Print.o)
Print::write(char const*)                         C:\Users\budge\Documents\Atmel Studio\7.0\SAMD20E18\SAMD20E18\ArduinoCore\Debug\libArduinoCore.a(Print.o)